Archive member included because of file (symbol)

c:/program files/microchip/mplab c32 suite/bin/../lib/gcc/pic32mx/4.5.1/size\libgcc.a(_udivdi3.o)
                              Obj-C32-PIC32_GP_SK_MRF24WB\AutoIP.o (__udivdi3)
c:/program files/microchip/mplab c32 suite/bin/../lib/gcc/pic32mx/4.5.1/../../../../pic32mx/lib/size\libc.a(memcmp.o)
                              Obj-C32-PIC32_GP_SK_MRF24WB\StackTsk.o (memcmp)
c:/program files/microchip/mplab c32 suite/bin/../lib/gcc/pic32mx/4.5.1/../../../../pic32mx/lib/size\libc.a(memcpy.o)
                              Obj-C32-PIC32_GP_SK_MRF24WB\Announce.o (memcpy)
c:/program files/microchip/mplab c32 suite/bin/../lib/gcc/pic32mx/4.5.1/../../../../pic32mx/lib/size\libc.a(memset.o)
                              Obj-C32-PIC32_GP_SK_MRF24WB\DHCP.o (memset)
c:/program files/microchip/mplab c32 suite/bin/../lib/gcc/pic32mx/4.5.1/../../../../pic32mx/lib/size\libc.a(strlen.o)
                              Obj-C32-PIC32_GP_SK_MRF24WB\TCP.o (strlen)
c:/program files/microchip/mplab c32 suite/bin/../lib/gcc/pic32mx/4.5.1/../../../../pic32mx/lib/size\libc.a(general-exception.o)
                              c:/program files/microchip/mplab c32 suite/bin/../lib/gcc/pic32mx/4.5.1/../../../../pic32mx/lib/size/crt0.o (_general_exception_context)
c:/program files/microchip/mplab c32 suite/bin/../lib/gcc/pic32mx/4.5.1/../../../../pic32mx/lib/size\libc.a(default-bootstrap-exception-handler.o)
                              c:/program files/microchip/mplab c32 suite/bin/../lib/gcc/pic32mx/4.5.1/../../../../pic32mx/lib/size/crt0.o (_bootstrap_exception_handler)
c:/program files/microchip/mplab c32 suite/bin/../lib/gcc/pic32mx/4.5.1/../../../../pic32mx/lib/size\libc.a(default-on-reset.o)
                              c:/program files/microchip/mplab c32 suite/bin/../lib/gcc/pic32mx/4.5.1/../../../../pic32mx/lib/size/crt0.o (_on_reset)
c:/program files/microchip/mplab c32 suite/bin/../lib/gcc/pic32mx/4.5.1/../../../../pic32mx/lib/size\libc.a(default-on-bootstrap.o)
                              c:/program files/microchip/mplab c32 suite/bin/../lib/gcc/pic32mx/4.5.1/../../../../pic32mx/lib/size/crt0.o (_on_bootstrap)
c:/program files/microchip/mplab c32 suite/bin/../lib/gcc/pic32mx/4.5.1/../../../../pic32mx/lib/size\libc.a(default-nmi-handler.o)
                              c:/program files/microchip/mplab c32 suite/bin/../lib/gcc/pic32mx/4.5.1/../../../../pic32mx/lib/size/crt0.o (_nmi_handler)
c:/program files/microchip/mplab c32 suite/bin/../lib/gcc/pic32mx/4.5.1/../../../../pic32mx/lib/size\libm.a(fp32.o)
                              Obj-C32-PIC32_GP_SK_MRF24WB\rovercode.o (fpmul)
c:/program files/microchip/mplab c32 suite/bin/../lib/gcc/pic32mx/4.5.1/../../../../pic32mx/lib/size\libmchp_peripheral_32MX340F256H.a(pcache.o)
                              Obj-C32-PIC32_GP_SK_MRF24WB\rovercode.o (CheKseg0CacheOn)
c:/program files/microchip/mplab c32 suite/bin/../lib/gcc/pic32mx/4.5.1/../../../../pic32mx/lib/size\libmchp_peripheral_32MX340F256H.a(int_disable_interrupts_lib.o)
                              Obj-C32-PIC32_GP_SK_MRF24WB\rovercode.o (INTDisableInterrupts)
c:/program files/microchip/mplab c32 suite/bin/../lib/gcc/pic32mx/4.5.1/../../../../pic32mx/lib/size\libmchp_peripheral_32MX340F256H.a(int_restore_interrupts_lib.o)
                              Obj-C32-PIC32_GP_SK_MRF24WB\rovercode.o (INTRestoreInterrupts)
c:/program files/microchip/mplab c32 suite/bin/../lib/gcc/pic32mx/4.5.1/../../../../pic32mx/lib/size\libmchp_peripheral_32MX340F256H.a(int_enable_mv_int_lib.o)
                              Obj-C32-PIC32_GP_SK_MRF24WB\rovercode.o (INTEnableSystemMultiVectoredInt)
c:/program files/microchip/mplab c32 suite/bin/../lib/gcc/pic32mx/4.5.1/../../../../pic32mx/lib/size\libmchp_peripheral_32MX340F256H.a(I2CEnable.o)
                              Obj-C32-PIC32_GP_SK_MRF24WB\I2C.o (I2CEnable)
c:/program files/microchip/mplab c32 suite/bin/../lib/gcc/pic32mx/4.5.1/../../../../pic32mx/lib/size\libmchp_peripheral_32MX340F256H.a(I2CSetFrequency.o)
                              Obj-C32-PIC32_GP_SK_MRF24WB\rovercode.o (I2CSetFrequency)
c:/program files/microchip/mplab c32 suite/bin/../lib/gcc/pic32mx/4.5.1/../../../../pic32mx/lib/size\libmchp_peripheral_32MX340F256H.a(int_enable_interrupts_lib.o)
                              c:/program files/microchip/mplab c32 suite/bin/../lib/gcc/pic32mx/4.5.1/../../../../pic32mx/lib/size\libmchp_peripheral_32MX340F256H.a(int_enable_mv_int_lib.o) (INTEnableInterrupts)
c:/program files/microchip/mplab c32 suite/bin/../lib/gcc/pic32mx/4.5.1/../../../../pic32mx/lib/size\libmchp_peripheral_32MX340F256H.a(I2CPrivate.o)
                              c:/program files/microchip/mplab c32 suite/bin/../lib/gcc/pic32mx/4.5.1/../../../../pic32mx/lib/size\libmchp_peripheral_32MX340F256H.a(I2CEnable.o) (i2cBase)

Allocating common symbols
Common symbol       size              file

[...]
Memory Configuration

Name             Origin             Length             Attributes
kseg0_program_mem 0x9d000000         0x00040000         xr
kseg0_boot_mem   0x9fc00490         0x00000970
exception_mem    0x9fc01000         0x00001000
kseg1_boot_mem   0xbfc00000         0x00000490
debug_exec_mem   0xbfc02000         0x00000ff0
config3          0xbfc02ff0         0x00000004
config2          0xbfc02ff4         0x00000004
config1          0xbfc02ff8         0x00000004
config0          0xbfc02ffc         0x00000004
kseg1_data_mem   0xa0000000         0x00008000         w !x
sfrs             0xbf800000         0x00100000
configsfrs       0xbfc02ff0         0x00000010
*default*        0x00000000         0xffffffff

Linker script and memory map

LOAD c:/program files/microchip/mplab c32 suite/bin/../lib/gcc/pic32mx/4.5.1/../../../../pic32mx/lib/size/crt0.o
LOAD Obj-C32-PIC32_GP_SK_MRF24WB\Announce.o
LOAD Obj-C32-PIC32_GP_SK_MRF24WB\ARCFOUR.o
LOAD Obj-C32-PIC32_GP_SK_MRF24WB\ARP.o
LOAD Obj-C32-PIC32_GP_SK_MRF24WB\AutoIP.o
LOAD Obj-C32-PIC32_GP_SK_MRF24WB\BerkeleyAPI.o
LOAD Obj-C32-PIC32_GP_SK_MRF24WB\BigInt.o
LOAD Obj-C32-PIC32_GP_SK_MRF24WB\Delay.o
LOAD Obj-C32-PIC32_GP_SK_MRF24WB\DHCP.o
LOAD Obj-C32-PIC32_GP_SK_MRF24WB\DHCPs.o
LOAD Obj-C32-PIC32_GP_SK_MRF24WB\DNS.o
LOAD Obj-C32-PIC32_GP_SK_MRF24WB\DNSs.o
LOAD Obj-C32-PIC32_GP_SK_MRF24WB\DynDNS.o
LOAD Obj-C32-PIC32_GP_SK_MRF24WB\ENC28J60.o
LOAD Obj-C32-PIC32_GP_SK_MRF24WB\ENCX24J600.o
LOAD Obj-C32-PIC32_GP_SK_MRF24WB\FileSystem.o
LOAD Obj-C32-PIC32_GP_SK_MRF24WB\FTP.o
LOAD Obj-C32-PIC32_GP_SK_MRF24WB\Hashes.o
LOAD Obj-C32-PIC32_GP_SK_MRF24WB\Helpers.o
LOAD Obj-C32-PIC32_GP_SK_MRF24WB\ICMP.o
LOAD Obj-C32-PIC32_GP_SK_MRF24WB\IP.o
LOAD Obj-C32-PIC32_GP_SK_MRF24WB\LCDBlocking.o
LOAD Obj-C32-PIC32_GP_SK_MRF24WB\MPFS2.o
LOAD Obj-C32-PIC32_GP_SK_MRF24WB\NBNS.o
LOAD Obj-C32-PIC32_GP_SK_MRF24WB\Reboot.o
LOAD Obj-C32-PIC32_GP_SK_MRF24WB\RSA.o
LOAD Obj-C32-PIC32_GP_SK_MRF24WB\SMTP.o
LOAD Obj-C32-PIC32_GP_SK_MRF24WB\SNMP.o
LOAD Obj-C32-PIC32_GP_SK_MRF24WB\SNMPv3.o
LOAD Obj-C32-PIC32_GP_SK_MRF24WB\SNMPv3USM.o
LOAD Obj-C32-PIC32_GP_SK_MRF24WB\SNTP.o
LOAD Obj-C32-PIC32_GP_SK_MRF24WB\SPIEEPROM.o
LOAD Obj-C32-PIC32_GP_SK_MRF24WB\SPIFlash.o
LOAD Obj-C32-PIC32_GP_SK_MRF24WB\SPIRAM.o
LOAD Obj-C32-PIC32_GP_SK_MRF24WB\SSL.o
LOAD Obj-C32-PIC32_GP_SK_MRF24WB\StackTsk.o
LOAD Obj-C32-PIC32_GP_SK_MRF24WB\TCP.o
LOAD Obj-C32-PIC32_GP_SK_MRF24WB\TFTPc.o
LOAD Obj-C32-PIC32_GP_SK_MRF24WB\Tick.o
LOAD Obj-C32-PIC32_GP_SK_MRF24WB\UART.o
LOAD Obj-C32-PIC32_GP_SK_MRF24WB\UDP.o
LOAD Obj-C32-PIC32_GP_SK_MRF24WB\ZeroconfHelper.o
LOAD Obj-C32-PIC32_GP_SK_MRF24WB\ZeroconfLinkLocal.o
LOAD Obj-C32-PIC32_GP_SK_MRF24WB\ZeroconfMulticastDNS.o
LOAD Obj-C32-PIC32_GP_SK_MRF24WB\WF_Eint.o
LOAD Obj-C32-PIC32_GP_SK_MRF24WB\WF_Spi.o
LOAD Obj-C32-PIC32_GP_SK_MRF24WB\WFConnectionAlgorithm.o
LOAD Obj-C32-PIC32_GP_SK_MRF24WB\WFConnectionManager.o
LOAD Obj-C32-PIC32_GP_SK_MRF24WB\WFConnectionProfile.o
LOAD Obj-C32-PIC32_GP_SK_MRF24WB\WFConsole.o
LOAD Obj-C32-PIC32_GP_SK_MRF24WB\WFConsoleIfconfig.o
LOAD Obj-C32-PIC32_GP_SK_MRF24WB\WFConsoleIwconfig.o
LOAD Obj-C32-PIC32_GP_SK_MRF24WB\WFConsoleIwpriv.o
LOAD Obj-C32-PIC32_GP_SK_MRF24WB\WFConsoleMsgHandler.o
LOAD Obj-C32-PIC32_GP_SK_MRF24WB\WFConsoleMsgs.o
LOAD Obj-C32-PIC32_GP_SK_MRF24WB\WFDataTxRx.o
LOAD Obj-C32-PIC32_GP_SK_MRF24WB\WFDriverCom.o
LOAD Obj-C32-PIC32_GP_SK_MRF24WB\WFDriverRaw.o
LOAD Obj-C32-PIC32_GP_SK_MRF24WB\WFEasyConfig.o
LOAD Obj-C32-PIC32_GP_SK_MRF24WB\WFEventHandler.o
LOAD Obj-C32-PIC32_GP_SK_MRF24WB\WFInit.o
LOAD Obj-C32-PIC32_GP_SK_MRF24WB\WFMac.o
LOAD Obj-C32-PIC32_GP_SK_MRF24WB\WFMgmtMsg.o
LOAD Obj-C32-PIC32_GP_SK_MRF24WB\WFParamMsg.o
LOAD Obj-C32-PIC32_GP_SK_MRF24WB\WFPowerSave.o
LOAD Obj-C32-PIC32_GP_SK_MRF24WB\WFScan.o
LOAD Obj-C32-PIC32_GP_SK_MRF24WB\WFTxPower.o
LOAD Obj-C32-PIC32_GP_SK_MRF24WB\CustomSSLCert.o
LOAD Obj-C32-PIC32_GP_SK_MRF24WB\MainDemo.o
LOAD Obj-C32-PIC32_GP_SK_MRF24WB\GenericTCPClient.o
LOAD Obj-C32-PIC32_GP_SK_MRF24WB\GenericTCPServer.o
LOAD Obj-C32-PIC32_GP_SK_MRF24WB\MPFSImg2.o
LOAD Obj-C32-PIC32_GP_SK_MRF24WB\WF_Config.o
LOAD Obj-C32-PIC32_GP_SK_MRF24WB\BigInt_helper_C32.o
LOAD Obj-C32-PIC32_GP_SK_MRF24WB\I2C.o
LOAD Obj-C32-PIC32_GP_SK_MRF24WB\rovercode.o
                0x00000001                __MPLAB_BUILD = 0x1
LOAD c:/program files/microchip/mplab c32 suite/bin/../lib/gcc/pic32mx/4.5.1/size\libgcc.a
START GROUP
LOAD c:/program files/microchip/mplab c32 suite/bin/../lib/gcc/pic32mx/4.5.1/../../../../pic32mx/lib/size\libdebug.a
LOAD c:/program files/microchip/mplab c32 suite/bin/../lib/gcc/pic32mx/4.5.1/../../../../pic32mx/lib/size\libc.a
LOAD c:/program files/microchip/mplab c32 suite/bin/../lib/gcc/pic32mx/4.5.1/../../../../pic32mx/lib/size\libm.a
LOAD c:/program files/microchip/mplab c32 suite/bin/../lib/gcc/pic32mx/4.5.1/../../../../pic32mx/lib/size\libe.a
LOAD c:/program files/microchip/mplab c32 suite/bin/../lib/gcc/pic32mx/4.5.1/../../../../pic32mx/lib/size\libdsp.a
LOAD c:/program files/microchip/mplab c32 suite/bin/../lib/gcc/pic32mx/4.5.1/../../../../pic32mx/lib/size\libmchp_peripheral.a
LOAD c:/program files/microchip/mplab c32 suite/bin/../lib/gcc/pic32mx/4.5.1/../../../../pic32mx/lib/size\libmchp_peripheral_32MX340F256H.a
END GROUP
LOAD c:/program files/microchip/mplab c32 suite/bin/../lib/gcc/pic32mx/4.5.1/size\libgcc.a
                0x00000400                PROVIDE (_min_stack_size, 0x400)
                0x00000000                PROVIDE (_min_heap_size, 0x0)
LOAD c:/program files/microchip/mplab c32 suite/bin/../lib/gcc/pic32mx/4.5.1/../../../../pic32mx/lib/./proc/32MX340F256H\processor.o
                0x00000001                PROVIDE (_vector_spacing, 0x1)
                0x9fc01000                _ebase_address = 0x9fc01000
                0xbfc00000                _RESET_ADDR = 0xbfc00000
                0xbfc00380                _BEV_EXCPT_ADDR = 0xbfc00380
                0xbfc00480                _DBG_EXCPT_ADDR = 0xbfc00480
                0xbfc02000                _DBG_CODE_ADDR = 0xbfc02000
                0x00000ff0                _DBG_CODE_SIZE = 0xff0
                0x9fc01180                _GEN_EXCPT_ADDR = (_ebase_address + 0x180)

.config_BFC02FF0
 *(.config_BFC02FF0)

.config_BFC02FF4
                0xbfc02ff4        0x4
 *(.config_BFC02FF4)
 .config_BFC02FF4
                0xbfc02ff4        0x4 Obj-C32-PIC32_GP_SK_MRF24WB\MainDemo.o

.config_BFC02FF8
                0xbfc02ff8        0x4
 *(.config_BFC02FF8)
 .config_BFC02FF8
                0xbfc02ff8        0x4 Obj-C32-PIC32_GP_SK_MRF24WB\MainDemo.o

.config_BFC02FFC
                0xbfc02ffc        0x4
 *(.config_BFC02FFC)
 .config_BFC02FFC
                0xbfc02ffc        0x4 Obj-C32-PIC32_GP_SK_MRF24WB\MainDemo.o
                0xbfc02000                PROVIDE (_DBG_CODE_ADDR, 0xbfc02000)
                0x00000ff0                PROVIDE (_DBG_CODE_SIZE, 0xff0)

.reset          0xbfc00000      0x1f4
 *(.reset)
 .reset         0xbfc00000       0x10 c:/program files/microchip/mplab c32 suite/bin/../lib/gcc/pic32mx/4.5.1/../../../../pic32mx/lib/size/crt0.o
                0xbfc00000                _reset
 *(.reset.startup)
 .reset.startup
                0xbfc00010      0x1e4 c:/program files/microchip/mplab c32 suite/bin/../lib/gcc/pic32mx/4.5.1/../../../../pic32mx/lib/size/crt0.o

.bev_excpt      0xbfc00380       0x10
 *(.bev_handler)
 .bev_handler   0xbfc00380       0x10 c:/program files/microchip/mplab c32 suite/bin/../lib/gcc/pic32mx/4.5.1/../../../../pic32mx/lib/size/crt0.o

.dbg_excpt      0xbfc00480        0x0
                0xbfc00480                . = (. + DEFINED (_DEBUGGER)?0x8:0x0)

.dbg_code       0xbfc02000        0x0
                0xbfc02000                . = (. + DEFINED (_DEBUGGER)?_DBG_CODE_SIZE:0x0)

.app_excpt      0x9fc01180       0x10
 *(.gen_handler)
 .gen_handler   0x9fc01180       0x10 c:/program files/microchip/mplab c32 suite/bin/../lib/gcc/pic32mx/4.5.1/../../../../pic32mx/lib/size/crt0.o

.vector_0       0x9fc01200        0x0
 *(.vector_0)
                0x00000001                ASSERT (((_vector_spacing == 0x0) || (SIZEOF (.vector_0) <= (_vector_spacing << 0x5))), function at exception vector 0 too large)

.vector_1       0x9fc01220        0x0
 *(.vector_1)
                0x00000001                ASSERT (((_vector_spacing == 0x0) || (SIZEOF (.vector_1) <= (_vector_spacing << 0x5))), function at exception vector 1 too large)

.vector_2       0x9fc01240        0x0
 *(.vector_2)
                0x00000001                ASSERT (((_vector_spacing == 0x0) || (SIZEOF (.vector_2) <= (_vector_spacing << 0x5))), function at exception vector 2 too large)

.vector_3       0x9fc01260        0x0
 *(.vector_3)
                0x00000001                ASSERT (((_vector_spacing == 0x0) || (SIZEOF (.vector_3) <= (_vector_spacing << 0x5))), function at exception vector 3 too large)

.vector_4       0x9fc01280        0x8
 *(.vector_4)
 .vector_4      0x9fc01280        0x8 Obj-C32-PIC32_GP_SK_MRF24WB\Tick.o
                0x00000001                ASSERT (((_vector_spacing == 0x0) || (SIZEOF (.vector_4) <= (_vector_spacing << 0x5))), function at exception vector 4 too large)

.vector_5       0x9fc012a0        0x8
 *(.vector_5)
 .vector_5      0x9fc012a0        0x8 Obj-C32-PIC32_GP_SK_MRF24WB\rovercode.o
                0x00000001                ASSERT (((_vector_spacing == 0x0) || (SIZEOF (.vector_5) <= (_vector_spacing << 0x5))), function at exception vector 5 too large)

.vector_6       0x9fc012c0        0x0
 *(.vector_6)
                0x00000001                ASSERT (((_vector_spacing == 0x0) || (SIZEOF (.vector_6) <= (_vector_spacing << 0x5))), function at exception vector 6 too large)

.vector_7       0x9fc012e0        0x0
 *(.vector_7)
                0x00000001                ASSERT (((_vector_spacing == 0x0) || (SIZEOF (.vector_7) <= (_vector_spacing << 0x5))), function at exception vector 7 too large)

.vector_8       0x9fc01300        0x0
 *(.vector_8)
                0x00000001                ASSERT (((_vector_spacing == 0x0) || (SIZEOF (.vector_8) <= (_vector_spacing << 0x5))), function at exception vector 8 too large)

.vector_9       0x9fc01320        0x0
 *(.vector_9)
                0x00000001                ASSERT (((_vector_spacing == 0x0) || (SIZEOF (.vector_9) <= (_vector_spacing << 0x5))), function at exception vector 9 too large)

.vector_10      0x9fc01340        0x0
 *(.vector_10)
                0x00000001                ASSERT (((_vector_spacing == 0x0) || (SIZEOF (.vector_10) <= (_vector_spacing << 0x5))), function at exception vector 10 too large)

.vector_11      0x9fc01360        0x0
 *(.vector_11)
                0x00000001                ASSERT (((_vector_spacing == 0x0) || (SIZEOF (.vector_11) <= (_vector_spacing << 0x5))), function at exception vector 11 too large)

.vector_12      0x9fc01380        0x0
 *(.vector_12)
                0x00000001                ASSERT (((_vector_spacing == 0x0) || (SIZEOF (.vector_12) <= (_vector_spacing << 0x5))), function at exception vector 12 too large)

.vector_13      0x9fc013a0        0x8
 *(.vector_13)
 .vector_13     0x9fc013a0        0x8 Obj-C32-PIC32_GP_SK_MRF24WB\rovercode.o
                0x00000001                ASSERT (((_vector_spacing == 0x0) || (SIZEOF (.vector_13) <= (_vector_spacing << 0x5))), function at exception vector 13 too large)

.vector_14      0x9fc013c0        0x0
 *(.vector_14)
                0x00000001                ASSERT (((_vector_spacing == 0x0) || (SIZEOF (.vector_14) <= (_vector_spacing << 0x5))), function at exception vector 14 too large)

.vector_15      0x9fc013e0        0x0
 *(.vector_15)
                0x00000001                ASSERT (((_vector_spacing == 0x0) || (SIZEOF (.vector_15) <= (_vector_spacing << 0x5))), function at exception vector 15 too large)

.vector_16      0x9fc01400        0x8
 *(.vector_16)
 .vector_16     0x9fc01400        0x8 Obj-C32-PIC32_GP_SK_MRF24WB\rovercode.o
                0x00000001                ASSERT (((_vector_spacing == 0x0) || (SIZEOF (.vector_16) <= (_vector_spacing << 0x5))), function at exception vector 16 too large)

.vector_17      0x9fc01420        0x0
 *(.vector_17)
                0x00000001                ASSERT (((_vector_spacing == 0x0) || (SIZEOF (.vector_17) <= (_vector_spacing << 0x5))), function at exception vector 17 too large)

.vector_18      0x9fc01440        0x0
 *(.vector_18)
                0x00000001                ASSERT (((_vector_spacing == 0x0) || (SIZEOF (.vector_18) <= (_vector_spacing << 0x5))), function at exception vector 18 too large)

.vector_19      0x9fc01460        0x0
 *(.vector_19)
                0x00000001                ASSERT (((_vector_spacing == 0x0) || (SIZEOF (.vector_19) <= (_vector_spacing << 0x5))), function at exception vector 19 too large)

.vector_20      0x9fc01480        0x0
 *(.vector_20)
                0x00000001                ASSERT (((_vector_spacing == 0x0) || (SIZEOF (.vector_20) <= (_vector_spacing << 0x5))), function at exception vector 20 too large)

.vector_21      0x9fc014a0        0x0
 *(.vector_21)
                0x00000001                ASSERT (((_vector_spacing == 0x0) || (SIZEOF (.vector_21) <= (_vector_spacing << 0x5))), function at exception vector 21 too large)

.vector_22      0x9fc014c0        0x0
 *(.vector_22)
                0x00000001                ASSERT (((_vector_spacing == 0x0) || (SIZEOF (.vector_22) <= (_vector_spacing << 0x5))), function at exception vector 22 too large)

.vector_23      0x9fc014e0        0x0
 *(.vector_23)
                0x00000001                ASSERT (((_vector_spacing == 0x0) || (SIZEOF (.vector_23) <= (_vector_spacing << 0x5))), function at exception vector 23 too large)

.vector_24      0x9fc01500        0x0
 *(.vector_24)
                0x00000001                ASSERT (((_vector_spacing == 0x0) || (SIZEOF (.vector_24) <= (_vector_spacing << 0x5))), function at exception vector 24 too large)

.vector_25      0x9fc01520        0x0
 *(.vector_25)
                0x00000001                ASSERT (((_vector_spacing == 0x0) || (SIZEOF (.vector_25) <= (_vector_spacing << 0x5))), function at exception vector 25 too large)

.vector_26      0x9fc01540        0x8
 *(.vector_26)
 .vector_26     0x9fc01540        0x8 Obj-C32-PIC32_GP_SK_MRF24WB\WF_Eint.o
                0x00000001                ASSERT (((_vector_spacing == 0x0) || (SIZEOF (.vector_26) <= (_vector_spacing << 0x5))), function at exception vector 26 too large)

.vector_27      0x9fc01560        0x8
 *(.vector_27)
 .vector_27     0x9fc01560        0x8 Obj-C32-PIC32_GP_SK_MRF24WB\rovercode.o
                0x00000001                ASSERT (((_vector_spacing == 0x0) || (SIZEOF (.vector_27) <= (_vector_spacing << 0x5))), function at exception vector 27 too large)

.vector_28      0x9fc01580        0x0
 *(.vector_28)
                0x00000001                ASSERT (((_vector_spacing == 0x0) || (SIZEOF (.vector_28) <= (_vector_spacing << 0x5))), function at exception vector 28 too large)

.vector_29      0x9fc015a0        0x0
 *(.vector_29)
                0x00000001                ASSERT (((_vector_spacing == 0x0) || (SIZEOF (.vector_29) <= (_vector_spacing << 0x5))), function at exception vector 29 too large)

.vector_30      0x9fc015c0        0x0
 *(.vector_30)
                0x00000001                ASSERT (((_vector_spacing == 0x0) || (SIZEOF (.vector_30) <= (_vector_spacing << 0x5))), function at exception vector 30 too large)

.vector_31      0x9fc015e0        0x0
 *(.vector_31)
                0x00000001                ASSERT (((_vector_spacing == 0x0) || (SIZEOF (.vector_31) <= (_vector_spacing << 0x5))), function at exception vector 31 too large)

.vector_32      0x9fc01600        0x0
 *(.vector_32)
                0x00000001                ASSERT (((_vector_spacing == 0x0) || (SIZEOF (.vector_32) <= (_vector_spacing << 0x5))), function at exception vector 32 too large)

.vector_33      0x9fc01620        0x0
 *(.vector_33)
                0x00000001                ASSERT (((_vector_spacing == 0x0) || (SIZEOF (.vector_33) <= (_vector_spacing << 0x5))), function at exception vector 33 too large)

.vector_34      0x9fc01640        0x0
 *(.vector_34)
                0x00000001                ASSERT (((_vector_spacing == 0x0) || (SIZEOF (.vector_34) <= (_vector_spacing << 0x5))), function at exception vector 34 too large)

.vector_35      0x9fc01660        0x0
 *(.vector_35)
                0x00000001                ASSERT (((_vector_spacing == 0x0) || (SIZEOF (.vector_35) <= (_vector_spacing << 0x5))), function at exception vector 35 too large)

.vector_36      0x9fc01680        0x0
 *(.vector_36)
                0x00000001                ASSERT (((_vector_spacing == 0x0) || (SIZEOF (.vector_36) <= (_vector_spacing << 0x5))), function at exception vector 36 too large)

.vector_37      0x9fc016a0        0x0
 *(.vector_37)
                0x00000001                ASSERT (((_vector_spacing == 0x0) || (SIZEOF (.vector_37) <= (_vector_spacing << 0x5))), function at exception vector 37 too large)

.vector_38      0x9fc016c0        0x0
 *(.vector_38)
                0x00000001                ASSERT (((_vector_spacing == 0x0) || (SIZEOF (.vector_38) <= (_vector_spacing << 0x5))), function at exception vector 38 too large)

.vector_39      0x9fc016e0        0x0
 *(.vector_39)
                0x00000001                ASSERT (((_vector_spacing == 0x0) || (SIZEOF (.vector_39) <= (_vector_spacing << 0x5))), function at exception vector 39 too large)

.vector_40      0x9fc01700        0x0
 *(.vector_40)
                0x00000001                ASSERT (((_vector_spacing == 0x0) || (SIZEOF (.vector_40) <= (_vector_spacing << 0x5))), function at exception vector 40 too large)

.vector_41      0x9fc01720        0x0
 *(.vector_41)
                0x00000001                ASSERT (((_vector_spacing == 0x0) || (SIZEOF (.vector_41) <= (_vector_spacing << 0x5))), function at exception vector 41 too large)

.vector_42      0x9fc01740        0x0
 *(.vector_42)
                0x00000001                ASSERT (((_vector_spacing == 0x0) || (SIZEOF (.vector_42) <= (_vector_spacing << 0x5))), function at exception vector 42 too large)

.vector_43      0x9fc01760        0x0
 *(.vector_43)
                0x00000001                ASSERT (((_vector_spacing == 0x0) || (SIZEOF (.vector_43) <= (_vector_spacing << 0x5))), function at exception vector 43 too large)

.vector_44      0x9fc01780        0x0
 *(.vector_44)
                0x00000001                ASSERT (((_vector_spacing == 0x0) || (SIZEOF (.vector_44) <= (_vector_spacing << 0x5))), function at exception vector 44 too large)

.vector_45      0x9fc017a0        0x0
 *(.vector_45)
                0x00000001                ASSERT (((_vector_spacing == 0x0) || (SIZEOF (.vector_45) <= (_vector_spacing << 0x5))), function at exception vector 45 too large)

.vector_46      0x9fc017c0        0x0
 *(.vector_46)
                0x00000001                ASSERT (((_vector_spacing == 0x0) || (SIZEOF (.vector_46) <= (_vector_spacing << 0x5))), function at exception vector 46 too large)

.vector_47      0x9fc017e0        0x0
 *(.vector_47)
                0x00000001                ASSERT (((_vector_spacing == 0x0) || (SIZEOF (.vector_47) <= (_vector_spacing << 0x5))), function at exception vector 47 too large)

.vector_48      0x9fc01800        0x0
 *(.vector_48)
                0x00000001                ASSERT (((_vector_spacing == 0x0) || (SIZEOF (.vector_48) <= (_vector_spacing << 0x5))), function at exception vector 48 too large)

.vector_49      0x9fc01820        0x0
 *(.vector_49)
                0x00000001                ASSERT (((_vector_spacing == 0x0) || (SIZEOF (.vector_49) <= (_vector_spacing << 0x5))), function at exception vector 49 too large)

.vector_50      0x9fc01840        0x0
 *(.vector_50)
                0x00000001                ASSERT (((_vector_spacing == 0x0) || (SIZEOF (.vector_50) <= (_vector_spacing << 0x5))), function at exception vector 50 too large)

.vector_51      0x9fc01860        0x0
 *(.vector_51)
                0x00000001                ASSERT (((_vector_spacing == 0x0) || (SIZEOF (.vector_51) <= (_vector_spacing << 0x5))), function at exception vector 51 too large)

.vector_52      0x9fc01880        0x0
 *(.vector_52)
                0x00000001                ASSERT (((_vector_spacing == 0x0) || (SIZEOF (.vector_52) <= (_vector_spacing << 0x5))), function at exception vector 52 too large)

.vector_53      0x9fc018a0        0x0
 *(.vector_53)
                0x00000001                ASSERT (((_vector_spacing == 0x0) || (SIZEOF (.vector_53) <= (_vector_spacing << 0x5))), function at exception vector 53 too large)

.vector_54      0x9fc018c0        0x0
 *(.vector_54)
                0x00000001                ASSERT (((_vector_spacing == 0x0) || (SIZEOF (.vector_54) <= (_vector_spacing << 0x5))), function at exception vector 54 too large)

.vector_55      0x9fc018e0        0x0
 *(.vector_55)
                0x00000001                ASSERT (((_vector_spacing == 0x0) || (SIZEOF (.vector_55) <= (_vector_spacing << 0x5))), function at exception vector 55 too large)

.vector_56      0x9fc01900        0x0
 *(.vector_56)
                0x00000001                ASSERT (((_vector_spacing == 0x0) || (SIZEOF (.vector_56) <= (_vector_spacing << 0x5))), function at exception vector 56 too large)

.vector_57      0x9fc01920        0x0
 *(.vector_57)
                0x00000001                ASSERT (((_vector_spacing == 0x0) || (SIZEOF (.vector_57) <= (_vector_spacing << 0x5))), function at exception vector 57 too large)

.vector_58      0x9fc01940        0x0
 *(.vector_58)
                0x00000001                ASSERT (((_vector_spacing == 0x0) || (SIZEOF (.vector_58) <= (_vector_spacing << 0x5))), function at exception vector 58 too large)

.vector_59      0x9fc01960        0x0
 *(.vector_59)
                0x00000001                ASSERT (((_vector_spacing == 0x0) || (SIZEOF (.vector_59) <= (_vector_spacing << 0x5))), function at exception vector 59 too large)

.vector_60      0x9fc01980        0x0
 *(.vector_60)
                0x00000001                ASSERT (((_vector_spacing == 0x0) || (SIZEOF (.vector_60) <= (_vector_spacing << 0x5))), function at exception vector 60 too large)

.vector_61      0x9fc019a0        0x0
 *(.vector_61)
                0x00000001                ASSERT (((_vector_spacing == 0x0) || (SIZEOF (.vector_61) <= (_vector_spacing << 0x5))), function at exception vector 61 too large)

.vector_62      0x9fc019c0        0x0
 *(.vector_62)
                0x00000001                ASSERT (((_vector_spacing == 0x0) || (SIZEOF (.vector_62) <= (_vector_spacing << 0x5))), function at exception vector 62 too large)

.vector_63      0x9fc019e0        0x0
 *(.vector_63)
                0x00000001                ASSERT (((_vector_spacing == 0x0) || (SIZEOF (.vector_63) <= (_vector_spacing << 0x5))), function at exception vector 63 too large)

.startup
 *(.startup)

.text
 *(.stub .gnu.linkonce.t.*)
 *(.text.*personality*)
 *(.mips16.fn.*)
 *(.mips16.call.*)
 *(.gnu.warning)

.rodata         0x9d000000        0x0
 *(.rodata.* .gnu.linkonce.r.*)
 *(.rodata1)
                0x9d000000                . = ALIGN (0x4)

.sdata2         0x9fc00490        0x0
 *(.sdata2 .sdata2.* .gnu.linkonce.s2.*)
                0x9fc00490                . = ALIGN (0x4)

.sbss2          0x9fc00490        0x0
 *(.sbss2 .sbss2.* .gnu.linkonce.sb2.*)
                0x9fc00490                . = ALIGN (0x4)

.eh_frame_hdr
 *(.eh_frame_hdr)

.eh_frame
 *(.eh_frame)

.dbg_data       0xa0000000        0x0
                0xa0000000                . = (. + DEFINED (_DEBUGGER)?0x200:0x0)

.persist        0xa0000000        0x0
                0xa0000000                _persist_begin = .
 *(.persist .persist.*)
                0xa0000000                . = ALIGN (0x4)
                0xa0000000                _persist_end = .

.eh_frame       0xa0000000       0x28
 *(.eh_frame)
 .eh_frame      0xa0000000       0x28 c:/program files/microchip/mplab c32 suite/bin/../lib/gcc/pic32mx/4.5.1/size\libgcc.a(_udivdi3.o)
                0xa0000028                . = .
                0xa0008020                _gp = (ALIGN (0x10) + 0x7ff0)

.got
 *(.got.plt)
 *(.got)

.sdata          0xa0000028       0x2c
                0xa0000028                _sdata_begin = .
 *(.sdata .sdata.* .gnu.linkonce.s.*)
 .sdata         0xa0000028        0x8 Obj-C32-PIC32_GP_SK_MRF24WB\DNS.o
 .sdata         0xa0000030        0x4 Obj-C32-PIC32_GP_SK_MRF24WB\Helpers.o
 .sdata         0xa0000034        0x1 Obj-C32-PIC32_GP_SK_MRF24WB\SNTP.o
 .sdata         0xa0000035        0x2 Obj-C32-PIC32_GP_SK_MRF24WB\TCP.o
 .sdata         0xa0000037        0x2 Obj-C32-PIC32_GP_SK_MRF24WB\UDP.o
 .sdata         0xa0000039        0x1 Obj-C32-PIC32_GP_SK_MRF24WB\WFConnectionAlgorithm.o
 .sdata         0xa000003a        0x1 Obj-C32-PIC32_GP_SK_MRF24WB\WFPowerSave.o
 *fill*         0xa000003b        0x1 00
 .sdata         0xa000003c       0x18 Obj-C32-PIC32_GP_SK_MRF24WB\rovercode.o
                0xa000003c                LINETa
                0xa0000040                LINETb
                0xa0000044                speed1
                0xa0000048                speed2
                0xa000004c                globalRSSI
                0xa0000050                commandstate
                0xa0000054                _sdata_end = .

.lit8
 *(.lit8)

.lit4
 *(.lit4)
                0xa0000054                . = ALIGN (0x4)
                0xa0000054                _data_end = .
                0xa0000054                _bss_begin = .

.sbss           0xa0000054      0x168
                0xa0000054                _sbss_begin = .
 *(.dynsbss)
 *(.sbss .sbss.* .gnu.linkonce.sb.*)
 .sbss          0xa0000054        0x8 Obj-C32-PIC32_GP_SK_MRF24WB\Announce.o
 .sbss          0xa000005c        0x4 Obj-C32-PIC32_GP_SK_MRF24WB\ARP.o
 .sbss          0xa0000060        0x4 Obj-C32-PIC32_GP_SK_MRF24WB\DHCP.o
                0xa0000060                DHCPClientInitializedOnce
 .sbss          0xa0000064       0x18 Obj-C32-PIC32_GP_SK_MRF24WB\DNS.o
 .sbss          0xa000007c        0x4 Obj-C32-PIC32_GP_SK_MRF24WB\IP.o
 .sbss          0xa0000080       0x10 Obj-C32-PIC32_GP_SK_MRF24WB\SNTP.o
 .sbss          0xa0000090        0x8 Obj-C32-PIC32_GP_SK_MRF24WB\StackTsk.o
 .sbss          0xa0000098        0x2 Obj-C32-PIC32_GP_SK_MRF24WB\TCP.o
 *fill*         0xa000009a        0x2 00
 .sbss          0xa000009c        0xc Obj-C32-PIC32_GP_SK_MRF24WB\Tick.o
 .sbss          0xa00000a8        0x8 Obj-C32-PIC32_GP_SK_MRF24WB\UDP.o
 .sbss          0xa00000b0        0x1 Obj-C32-PIC32_GP_SK_MRF24WB\WF_Spi.o
 *fill*         0xa00000b1        0x3 00
 .sbss          0xa00000b4        0x4 Obj-C32-PIC32_GP_SK_MRF24WB\WFConnectionManager.o
 .sbss          0xa00000b8       0x14 Obj-C32-PIC32_GP_SK_MRF24WB\WFDriverCom.o
 .sbss          0xa00000cc        0x4 Obj-C32-PIC32_GP_SK_MRF24WB\WFDriverRaw.o
                0xa00000cc                g_HostRAWDataPacketReceived
 .sbss          0xa00000d0       0x1c Obj-C32-PIC32_GP_SK_MRF24WB\WFMac.o
 .sbss          0xa00000ec       0x10 Obj-C32-PIC32_GP_SK_MRF24WB\WFMgmtMsg.o
                0xa00000f8                g_MgmtResponseInProgress
 .sbss          0xa00000fc        0x4 Obj-C32-PIC32_GP_SK_MRF24WB\WFPowerSave.o
 .sbss          0xa0000100        0x8 Obj-C32-PIC32_GP_SK_MRF24WB\MainDemo.o
 .sbss          0xa0000108        0xc Obj-C32-PIC32_GP_SK_MRF24WB\GenericTCPServer.o
                0xa0000108                tcptxbufferpoint
 .sbss          0xa0000114        0x1 Obj-C32-PIC32_GP_SK_MRF24WB\I2C.o
                0xa0000114                i2cerror
 *fill*         0xa0000115        0x3 00
 .sbss          0xa0000118       0x4c Obj-C32-PIC32_GP_SK_MRF24WB\rovercode.o
                0xa0000118                pos1
                0xa000011c                pos2
                0xa0000120                acc_cur_pos
                0xa0000124                acc_data_aquire
                0xa0000125                should_send_acc
                0xa0000128                acc_data_ticker
                0xa000012c                send_IR_update
                0xa0000130                ti
                0xa0000134                current_pos
                0xa0000138                avrg_pos
                0xa000013c                wanted_encoder_steps
                0xa0000140                encoder_l_old
                0xa0000144                encoder_r_old
                0xa0000148                drive_by_steps
                0xa000014c                ticker4
                0xa0000150                comsdatahead
                0xa0000154                comsdatatail
                0xa0000158                REQCOUNT
                0xa000015c                waveid
                0xa0000160                bptag
 *(.scommon)
 .scommon       0xa0000164        0x6 Obj-C32-PIC32_GP_SK_MRF24WB\UDP.o
                0xa0000164                UDPTxCount
                0xa0000166                activeUDPSocket
                0xa0000168                UDPRxCount
 *fill*         0xa000016a        0x2 00
 .scommon       0xa000016c        0x8 Obj-C32-PIC32_GP_SK_MRF24WB\WFDriverCom.o
                0xa000016c                RawMoveState
 .scommon       0xa0000174        0xc Obj-C32-PIC32_GP_SK_MRF24WB\WFDriverRaw.o
                0xa0000174                RawWindowState
                0xa0000178                RawWindowReady
 .scommon       0xa0000180        0x4 Obj-C32-PIC32_GP_SK_MRF24WB\WFMac.o
                0xa0000180                g_rxIndexSetBeyondBuffer
 .scommon       0xa0000184        0x8 Obj-C32-PIC32_GP_SK_MRF24WB\MainDemo.o
                0xa0000184                AN0String
 .scommon       0xa000018c       0x30 Obj-C32-PIC32_GP_SK_MRF24WB\rovercode.o
                0xa000018c                lastIR
                0xa0000190                commandlen
                0xa0000194                le_old
                0xa0000198                bitdelcount
                0xa000019c                IRstreamTail
                0xa00001a0                wanted_speed_right
                0xa00001a4                LINEB
                0xa00001a8                re_old
                0xa00001ac                IRstreamHead
                0xa00001b0                IRstreamLen
                0xa00001b4                LINEA
                0xa00001b8                wanted_speed_left
                0xa00001bc                _sbss_end = .

.bss            0xa00001bc     0x2210
 *(.dynbss)
 *(COMMON)
 COMMON         0xa00001bc        0xa Obj-C32-PIC32_GP_SK_MRF24WB\StackTsk.o
                0xa00001bc                remoteNode
 *fill*         0xa00001c6        0x2 00
 COMMON         0xa00001c8       0xe0 Obj-C32-PIC32_GP_SK_MRF24WB\UDP.o
                0xa00001c8                UDPSocketInfo
 COMMON         0xa00002a8       0x97 Obj-C32-PIC32_GP_SK_MRF24WB\MainDemo.o
                0xa00002a8                AppConfig
 *fill*         0xa000033f        0x1 00
 COMMON         0xa0000340      0x7e9 Obj-C32-PIC32_GP_SK_MRF24WB\GenericTCPServer.o
                0xa0000340                tcptxbuffer
 *fill*         0xa0000b29        0x3 00
 COMMON         0xa0000b2c     0x18a0 Obj-C32-PIC32_GP_SK_MRF24WB\rovercode.o
                0xa0000b2c                IRres2
                0xa0000d2c                IR_data_r
                0xa0000d54                acc_data_z
                0xa0001c54                IRres
                0xa0001e54                IR_pos_r
                0xa0001e7c                IR_pos_l
                0xa0001ea4                comsdata
                0xa00022a4                nextcommand
                0xa00023a4                IR_data_l
                0xa00023cc                . = ALIGN (0x4)
                0xa00023cc                . = ALIGN (0x4)
                0xa00023cc                _end = .
                0xa00023cc                _bss_end = .
                0x00008000                _bmxdudba_address = 0x8000
                0x00008000                _bmxdupba_address = 0x8000

/DISCARD/
 *(.pdr)
 *(.reginfo)
 *(.rel.dyn)
 *(.note.GNU-stack)
 *(.note.GNU-stack)
 *(.gnu_debuglink)
 *(.gnu.lto_*)
 *(.discard)

.stab
 *(.stab)

.stabstr
 *(.stabstr)

.stab.excl
 *(.stab.excl)

.stab.exclstr
 *(.stab.exclstr)

.stab.index
 *(.stab.index)

.stab.indexstr
 *(.stab.indexstr)

.comment        0x00000000      0x1a1
 *(.comment)
 .comment       0x00000000       0x51 Obj-C32-PIC32_GP_SK_MRF24WB\Announce.o
                                 0x52 (size before relaxing)
 .comment       0x00000000       0x52 Obj-C32-PIC32_GP_SK_MRF24WB\ARCFOUR.o
 .comment       0x00000000       0x52 Obj-C32-PIC32_GP_SK_MRF24WB\ARP.o
 .comment       0x00000000       0x52 Obj-C32-PIC32_GP_SK_MRF24WB\AutoIP.o
 .comment       0x00000000       0x52 Obj-C32-PIC32_GP_SK_MRF24WB\BerkeleyAPI.o
 .comment       0x00000000       0x52 Obj-C32-PIC32_GP_SK_MRF24WB\BigInt.o
 .comment       0x00000000       0x52 Obj-C32-PIC32_GP_SK_MRF24WB\Delay.o
 .comment       0x00000000       0x52 Obj-C32-PIC32_GP_SK_MRF24WB\DHCP.o
 .comment       0x00000000       0x52 Obj-C32-PIC32_GP_SK_MRF24WB\DHCPs.o
 .comment       0x00000000       0x52 Obj-C32-PIC32_GP_SK_MRF24WB\DNS.o
 .comment       0x00000000       0x52 Obj-C32-PIC32_GP_SK_MRF24WB\DNSs.o
 .comment       0x00000000       0x52 Obj-C32-PIC32_GP_SK_MRF24WB\DynDNS.o
 .comment       0x00000000       0x52 Obj-C32-PIC32_GP_SK_MRF24WB\ENC28J60.o
 .comment       0x00000000       0x52 Obj-C32-PIC32_GP_SK_MRF24WB\ENCX24J600.o
 .comment       0x00000000       0x52 Obj-C32-PIC32_GP_SK_MRF24WB\FileSystem.o
 .comment       0x00000000       0x52 Obj-C32-PIC32_GP_SK_MRF24WB\FTP.o
 .comment       0x00000000       0x52 Obj-C32-PIC32_GP_SK_MRF24WB\Hashes.o
 .comment       0x00000000       0x52 Obj-C32-PIC32_GP_SK_MRF24WB\Helpers.o
 .comment       0x00000000       0x52 Obj-C32-PIC32_GP_SK_MRF24WB\ICMP.o
 .comment       0x00000000       0x52 Obj-C32-PIC32_GP_SK_MRF24WB\IP.o
 .comment       0x00000000       0x52 Obj-C32-PIC32_GP_SK_MRF24WB\LCDBlocking.o
 .comment       0x00000000       0x52 Obj-C32-PIC32_GP_SK_MRF24WB\MPFS2.o
 .comment       0x00000000       0x52 Obj-C32-PIC32_GP_SK_MRF24WB\NBNS.o
 .comment       0x00000000       0x52 Obj-C32-PIC32_GP_SK_MRF24WB\Reboot.o
 .comment       0x00000000       0x52 Obj-C32-PIC32_GP_SK_MRF24WB\RSA.o
 .comment       0x00000000       0x52 Obj-C32-PIC32_GP_SK_MRF24WB\SMTP.o
 .comment       0x00000000       0x52 Obj-C32-PIC32_GP_SK_MRF24WB\SNMP.o
 .comment       0x00000000       0x52 Obj-C32-PIC32_GP_SK_MRF24WB\SNMPv3.o
 .comment       0x00000000       0x52 Obj-C32-PIC32_GP_SK_MRF24WB\SNMPv3USM.o
 .comment       0x00000000       0x52 Obj-C32-PIC32_GP_SK_MRF24WB\SNTP.o
 .comment       0x00000000       0x52 Obj-C32-PIC32_GP_SK_MRF24WB\SPIEEPROM.o
 .comment       0x00000000       0x52 Obj-C32-PIC32_GP_SK_MRF24WB\SPIFlash.o
 .comment       0x00000000       0x52 Obj-C32-PIC32_GP_SK_MRF24WB\SPIRAM.o
 .comment       0x00000000       0x52 Obj-C32-PIC32_GP_SK_MRF24WB\SSL.o
 .comment       0x00000000       0x52 Obj-C32-PIC32_GP_SK_MRF24WB\StackTsk.o
 .comment       0x00000000       0x52 Obj-C32-PIC32_GP_SK_MRF24WB\TCP.o
 .comment       0x00000000       0x52 Obj-C32-PIC32_GP_SK_MRF24WB\TFTPc.o
 .comment       0x00000000       0x52 Obj-C32-PIC32_GP_SK_MRF24WB\Tick.o
 .comment       0x00000000       0x52 Obj-C32-PIC32_GP_SK_MRF24WB\UART.o
 .comment       0x00000000       0x52 Obj-C32-PIC32_GP_SK_MRF24WB\UDP.o
 .comment       0x00000000       0x52 Obj-C32-PIC32_GP_SK_MRF24WB\ZeroconfHelper.o
 .comment       0x00000000       0x52 Obj-C32-PIC32_GP_SK_MRF24WB\ZeroconfLinkLocal.o
 .comment       0x00000000       0x52 Obj-C32-PIC32_GP_SK_MRF24WB\ZeroconfMulticastDNS.o
 .comment       0x00000000       0x52 Obj-C32-PIC32_GP_SK_MRF24WB\WF_Eint.o
 .comment       0x00000000       0x52 Obj-C32-PIC32_GP_SK_MRF24WB\WF_Spi.o
 .comment       0x00000000       0x52 Obj-C32-PIC32_GP_SK_MRF24WB\WFConnectionAlgorithm.o
 .comment       0x00000000       0x52 Obj-C32-PIC32_GP_SK_MRF24WB\WFConnectionManager.o
 .comment       0x00000000       0x52 Obj-C32-PIC32_GP_SK_MRF24WB\WFConnectionProfile.o
 .comment       0x00000000       0x52 Obj-C32-PIC32_GP_SK_MRF24WB\WFConsole.o
 .comment       0x00000000       0x52 Obj-C32-PIC32_GP_SK_MRF24WB\WFConsoleIfconfig.o
 .comment       0x00000000       0x52 Obj-C32-PIC32_GP_SK_MRF24WB\WFConsoleIwconfig.o
 .comment       0x00000000       0x52 Obj-C32-PIC32_GP_SK_MRF24WB\WFConsoleIwpriv.o
 .comment       0x00000000       0x52 Obj-C32-PIC32_GP_SK_MRF24WB\WFConsoleMsgHandler.o
 .comment       0x00000000       0x52 Obj-C32-PIC32_GP_SK_MRF24WB\WFConsoleMsgs.o
 .comment       0x00000000       0x52 Obj-C32-PIC32_GP_SK_MRF24WB\WFDataTxRx.o
 .comment       0x00000000       0x52 Obj-C32-PIC32_GP_SK_MRF24WB\WFDriverCom.o
 .comment       0x00000000       0x52 Obj-C32-PIC32_GP_SK_MRF24WB\WFDriverRaw.o
 .comment       0x00000000       0x52 Obj-C32-PIC32_GP_SK_MRF24WB\WFEasyConfig.o
 .comment       0x00000000       0x52 Obj-C32-PIC32_GP_SK_MRF24WB\WFEventHandler.o
 .comment       0x00000000       0x52 Obj-C32-PIC32_GP_SK_MRF24WB\WFInit.o
 .comment       0x00000000       0x52 Obj-C32-PIC32_GP_SK_MRF24WB\WFMac.o
 .comment       0x00000000       0x52 Obj-C32-PIC32_GP_SK_MRF24WB\WFMgmtMsg.o
 .comment       0x00000000       0x52 Obj-C32-PIC32_GP_SK_MRF24WB\WFParamMsg.o
 .comment       0x00000000       0x52 Obj-C32-PIC32_GP_SK_MRF24WB\WFPowerSave.o
 .comment       0x00000000       0x52 Obj-C32-PIC32_GP_SK_MRF24WB\WFScan.o
 .comment       0x00000000       0x52 Obj-C32-PIC32_GP_SK_MRF24WB\WFTxPower.o
 .comment       0x00000000       0x52 Obj-C32-PIC32_GP_SK_MRF24WB\CustomSSLCert.o
 .comment       0x00000000       0x52 Obj-C32-PIC32_GP_SK_MRF24WB\MainDemo.o
 .comment       0x00000000       0x52 Obj-C32-PIC32_GP_SK_MRF24WB\GenericTCPClient.o
 .comment       0x00000000       0x52 Obj-C32-PIC32_GP_SK_MRF24WB\GenericTCPServer.o
 .comment       0x00000000       0x52 Obj-C32-PIC32_GP_SK_MRF24WB\MPFSImg2.o
 .comment       0x00000000       0x52 Obj-C32-PIC32_GP_SK_MRF24WB\WF_Config.o
 .comment       0x00000000       0x52 Obj-C32-PIC32_GP_SK_MRF24WB\I2C.o
 .comment       0x00000000       0x52 Obj-C32-PIC32_GP_SK_MRF24WB\rovercode.o
 .comment       0x00000000       0x52 c:/program files/microchip/mplab c32 suite/bin/../lib/gcc/pic32mx/4.5.1/size\libgcc.a(_udivdi3.o)
 .comment       0x00000051       0x55 c:/program files/microchip/mplab c32 suite/bin/../lib/gcc/pic32mx/4.5.1/../../../../pic32mx/lib/size\libc.a(memcmp.o)
                                 0x56 (size before relaxing)
 .comment       0x000000a6       0x55 c:/program files/microchip/mplab c32 suite/bin/../lib/gcc/pic32mx/4.5.1/../../../../pic32mx/lib/size\libc.a(memset.o)
                                 0x56 (size before relaxing)
 .comment       0x000000fb       0x55 c:/program files/microchip/mplab c32 suite/bin/../lib/gcc/pic32mx/4.5.1/../../../../pic32mx/lib/size\libc.a(strlen.o)
                                 0x56 (size before relaxing)
 .comment       0x00000000       0x52 c:/program files/microchip/mplab c32 suite/bin/../lib/gcc/pic32mx/4.5.1/../../../../pic32mx/lib/size\libc.a(default-bootstrap-exception-handler.o)
 .comment       0x00000000       0x52 c:/program files/microchip/mplab c32 suite/bin/../lib/gcc/pic32mx/4.5.1/../../../../pic32mx/lib/size\libc.a(default-on-reset.o)
 .comment       0x00000000       0x52 c:/program files/microchip/mplab c32 suite/bin/../lib/gcc/pic32mx/4.5.1/../../../../pic32mx/lib/size\libc.a(default-on-bootstrap.o)
 .comment       0x00000150       0x51 c:/program files/microchip/mplab c32 suite/bin/../lib/gcc/pic32mx/4.5.1/../../../../pic32mx/lib/size\libmchp_peripheral_32MX340F256H.a(pcache.o)
                                 0x52 (size before relaxing)
 .comment       0x00000000       0x52 c:/program files/microchip/mplab c32 suite/bin/../lib/gcc/pic32mx/4.5.1/../../../../pic32mx/lib/size\libmchp_peripheral_32MX340F256H.a(int_disable_interrupts_lib.o)
 .comment       0x00000000       0x52 c:/program files/microchip/mplab c32 suite/bin/../lib/gcc/pic32mx/4.5.1/../../../../pic32mx/lib/size\libmchp_peripheral_32MX340F256H.a(int_restore_interrupts_lib.o)
 .comment       0x00000000       0x52 c:/program files/microchip/mplab c32 suite/bin/../lib/gcc/pic32mx/4.5.1/../../../../pic32mx/lib/size\libmchp_peripheral_32MX340F256H.a(int_enable_mv_int_lib.o)
 .comment       0x00000000       0x52 c:/program files/microchip/mplab c32 suite/bin/../lib/gcc/pic32mx/4.5.1/../../../../pic32mx/lib/size\libmchp_peripheral_32MX340F256H.a(I2CEnable.o)
 .comment       0x00000000       0x52 c:/program files/microchip/mplab c32 suite/bin/../lib/gcc/pic32mx/4.5.1/../../../../pic32mx/lib/size\libmchp_peripheral_32MX340F256H.a(I2CSetFrequency.o)
 .comment       0x00000000       0x52 c:/program files/microchip/mplab c32 suite/bin/../lib/gcc/pic32mx/4.5.1/../../../../pic32mx/lib/size\libmchp_peripheral_32MX340F256H.a(int_enable_interrupts_lib.o)
 .comment       0x00000000       0x52 c:/program files/microchip/mplab c32 suite/bin/../lib/gcc/pic32mx/4.5.1/../../../../pic32mx/lib/size\libmchp_peripheral_32MX340F256H.a(I2CPrivate.o)

.debug
 *(.debug)

.line
 *(.line)

.debug_srcinfo
 *(.debug_srcinfo)

.debug_sfnames
 *(.debug_sfnames)

.debug_aranges  0x00000000      0x5a8
 *(.debug_aranges)
 .debug_aranges
                0x00000000       0x20 Obj-C32-PIC32_GP_SK_MRF24WB\Announce.o
 .debug_aranges
                0x00000020       0x20 Obj-C32-PIC32_GP_SK_MRF24WB\ARP.o
 .debug_aranges
                0x00000040       0x20 Obj-C32-PIC32_GP_SK_MRF24WB\AutoIP.o
 .debug_aranges
                0x00000060       0x20 Obj-C32-PIC32_GP_SK_MRF24WB\Delay.o
 .debug_aranges
                0x00000080       0x20 Obj-C32-PIC32_GP_SK_MRF24WB\DHCP.o
 .debug_aranges
                0x000000a0       0x20 Obj-C32-PIC32_GP_SK_MRF24WB\DNS.o
 .debug_aranges
                0x000000c0       0x20 Obj-C32-PIC32_GP_SK_MRF24WB\Helpers.o
 .debug_aranges
                0x000000e0       0x20 Obj-C32-PIC32_GP_SK_MRF24WB\ICMP.o
 .debug_aranges
                0x00000100       0x20 Obj-C32-PIC32_GP_SK_MRF24WB\IP.o
 .debug_aranges
                0x00000120       0x20 Obj-C32-PIC32_GP_SK_MRF24WB\SNTP.o
 .debug_aranges
                0x00000140       0x20 Obj-C32-PIC32_GP_SK_MRF24WB\StackTsk.o
 .debug_aranges
                0x00000160       0x20 Obj-C32-PIC32_GP_SK_MRF24WB\TCP.o
 .debug_aranges
                0x00000180       0x20 Obj-C32-PIC32_GP_SK_MRF24WB\Tick.o
 .debug_aranges
                0x000001a0       0x20 Obj-C32-PIC32_GP_SK_MRF24WB\UDP.o
 .debug_aranges
                0x000001c0       0x20 Obj-C32-PIC32_GP_SK_MRF24WB\WF_Eint.o
 .debug_aranges
                0x000001e0       0x20 Obj-C32-PIC32_GP_SK_MRF24WB\WF_Spi.o
 .debug_aranges
                0x00000200       0x20 Obj-C32-PIC32_GP_SK_MRF24WB\WFConnectionAlgorithm.o
 .debug_aranges
                0x00000220       0x20 Obj-C32-PIC32_GP_SK_MRF24WB\WFConnectionManager.o
 .debug_aranges
                0x00000240       0x20 Obj-C32-PIC32_GP_SK_MRF24WB\WFConnectionProfile.o
 .debug_aranges
                0x00000260       0x20 Obj-C32-PIC32_GP_SK_MRF24WB\WFDriverCom.o
 .debug_aranges
                0x00000280       0x20 Obj-C32-PIC32_GP_SK_MRF24WB\WFDriverRaw.o
 .debug_aranges
                0x000002a0       0x20 Obj-C32-PIC32_GP_SK_MRF24WB\WFEventHandler.o
 .debug_aranges
                0x000002c0       0x20 Obj-C32-PIC32_GP_SK_MRF24WB\WFInit.o
 .debug_aranges
                0x000002e0       0x20 Obj-C32-PIC32_GP_SK_MRF24WB\WFMac.o
 .debug_aranges
                0x00000300       0x20 Obj-C32-PIC32_GP_SK_MRF24WB\WFMgmtMsg.o
 .debug_aranges
                0x00000320       0x20 Obj-C32-PIC32_GP_SK_MRF24WB\WFParamMsg.o
 .debug_aranges
                0x00000340       0x20 Obj-C32-PIC32_GP_SK_MRF24WB\WFPowerSave.o
 .debug_aranges
                0x00000360       0x20 Obj-C32-PIC32_GP_SK_MRF24WB\WFScan.o
 .debug_aranges
                0x00000380       0x20 Obj-C32-PIC32_GP_SK_MRF24WB\WFTxPower.o
 .debug_aranges
                0x000003a0       0x20 Obj-C32-PIC32_GP_SK_MRF24WB\MainDemo.o
 .debug_aranges
                0x000003c0       0x20 Obj-C32-PIC32_GP_SK_MRF24WB\GenericTCPServer.o
 .debug_aranges
                0x000003e0       0x20 Obj-C32-PIC32_GP_SK_MRF24WB\WF_Config.o
 .debug_aranges
                0x00000400       0x20 Obj-C32-PIC32_GP_SK_MRF24WB\I2C.o
 .debug_aranges
                0x00000420       0x20 Obj-C32-PIC32_GP_SK_MRF24WB\rovercode.o
 .debug_aranges
                0x00000440       0x20 c:/program files/microchip/mplab c32 suite/bin/../lib/gcc/pic32mx/4.5.1/size\libgcc.a(_udivdi3.o)
 .debug_aranges
                0x00000460       0x20 c:/program files/microchip/mplab c32 suite/bin/../lib/gcc/pic32mx/4.5.1/../../../../pic32mx/lib/size\libc.a(default-bootstrap-exception-handler.o)
 .debug_aranges
                0x00000480       0x20 c:/program files/microchip/mplab c32 suite/bin/../lib/gcc/pic32mx/4.5.1/../../../../pic32mx/lib/size\libc.a(default-on-reset.o)
 .debug_aranges
                0x000004a0       0x20 c:/program files/microchip/mplab c32 suite/bin/../lib/gcc/pic32mx/4.5.1/../../../../pic32mx/lib/size\libc.a(default-on-bootstrap.o)
 .debug_aranges
                0x000004c0       0x28 c:/program files/microchip/mplab c32 suite/bin/../lib/gcc/pic32mx/4.5.1/../../../../pic32mx/lib/size\libmchp_peripheral_32MX340F256H.a(pcache.o)
 .debug_aranges
                0x000004e8       0x20 c:/program files/microchip/mplab c32 suite/bin/../lib/gcc/pic32mx/4.5.1/../../../../pic32mx/lib/size\libmchp_peripheral_32MX340F256H.a(int_disable_interrupts_lib.o)
 .debug_aranges
                0x00000508       0x20 c:/program files/microchip/mplab c32 suite/bin/../lib/gcc/pic32mx/4.5.1/../../../../pic32mx/lib/size\libmchp_peripheral_32MX340F256H.a(int_restore_interrupts_lib.o)
 .debug_aranges
                0x00000528       0x20 c:/program files/microchip/mplab c32 suite/bin/../lib/gcc/pic32mx/4.5.1/../../../../pic32mx/lib/size\libmchp_peripheral_32MX340F256H.a(int_enable_mv_int_lib.o)
 .debug_aranges
                0x00000548       0x20 c:/program files/microchip/mplab c32 suite/bin/../lib/gcc/pic32mx/4.5.1/../../../../pic32mx/lib/size\libmchp_peripheral_32MX340F256H.a(I2CEnable.o)
 .debug_aranges
                0x00000568       0x20 c:/program files/microchip/mplab c32 suite/bin/../lib/gcc/pic32mx/4.5.1/../../../../pic32mx/lib/size\libmchp_peripheral_32MX340F256H.a(I2CSetFrequency.o)
 .debug_aranges
                0x00000588       0x20 c:/program files/microchip/mplab c32 suite/bin/../lib/gcc/pic32mx/4.5.1/../../../../pic32mx/lib/size\libmchp_peripheral_32MX340F256H.a(int_enable_interrupts_lib.o)

.debug_pubnames
                0x00000000     0x1dba
 *(.debug_pubnames)
 .debug_pubnames
                0x00000000       0x33 Obj-C32-PIC32_GP_SK_MRF24WB\Announce.o
 .debug_pubnames
                0x00000033       0x60 Obj-C32-PIC32_GP_SK_MRF24WB\ARP.o
 .debug_pubnames
                0x00000093       0xd2 Obj-C32-PIC32_GP_SK_MRF24WB\AutoIP.o
 .debug_pubnames
                0x00000165       0x2c Obj-C32-PIC32_GP_SK_MRF24WB\Delay.o
 .debug_pubnames
                0x00000191       0xb9 Obj-C32-PIC32_GP_SK_MRF24WB\DHCP.o
 .debug_pubnames
                0x0000024a       0x55 Obj-C32-PIC32_GP_SK_MRF24WB\DNS.o
 .debug_pubnames
                0x0000029f      0x115 Obj-C32-PIC32_GP_SK_MRF24WB\Helpers.o
 .debug_pubnames
                0x000003b4       0x22 Obj-C32-PIC32_GP_SK_MRF24WB\ICMP.o
 .debug_pubnames
                0x000003d6       0x44 Obj-C32-PIC32_GP_SK_MRF24WB\IP.o
 .debug_pubnames
                0x0000041a       0x37 Obj-C32-PIC32_GP_SK_MRF24WB\SNTP.o
 .debug_pubnames
                0x00000451       0x53 Obj-C32-PIC32_GP_SK_MRF24WB\StackTsk.o
 .debug_pubnames
                0x000004a4      0x1ba Obj-C32-PIC32_GP_SK_MRF24WB\TCP.o
 .debug_pubnames
                0x0000065e       0x7e Obj-C32-PIC32_GP_SK_MRF24WB\Tick.o
 .debug_pubnames
                0x000006dc      0x155 Obj-C32-PIC32_GP_SK_MRF24WB\UDP.o
 .debug_pubnames
                0x00000831       0x83 Obj-C32-PIC32_GP_SK_MRF24WB\WF_Eint.o
 .debug_pubnames
                0x000008b4       0x66 Obj-C32-PIC32_GP_SK_MRF24WB\WF_Spi.o
 .debug_pubnames
                0x0000091a      0x339 Obj-C32-PIC32_GP_SK_MRF24WB\WFConnectionAlgorithm.o
 .debug_pubnames
                0x00000c53       0x83 Obj-C32-PIC32_GP_SK_MRF24WB\WFConnectionManager.o
 .debug_pubnames
                0x00000cd6      0x17e Obj-C32-PIC32_GP_SK_MRF24WB\WFConnectionProfile.o
 .debug_pubnames
                0x00000e54       0xd7 Obj-C32-PIC32_GP_SK_MRF24WB\WFDriverCom.o
 .debug_pubnames
                0x00000f2b      0x1c8 Obj-C32-PIC32_GP_SK_MRF24WB\WFDriverRaw.o
 .debug_pubnames
                0x000010f3       0x2f Obj-C32-PIC32_GP_SK_MRF24WB\WFEventHandler.o
 .debug_pubnames
                0x00001122       0x1e Obj-C32-PIC32_GP_SK_MRF24WB\WFInit.o
 .debug_pubnames
                0x00001140      0x228 Obj-C32-PIC32_GP_SK_MRF24WB\WFMac.o
 .debug_pubnames
                0x00001368       0xc9 Obj-C32-PIC32_GP_SK_MRF24WB\WFMgmtMsg.o
 .debug_pubnames
                0x00001431      0x184 Obj-C32-PIC32_GP_SK_MRF24WB\WFParamMsg.o
 .debug_pubnames
                0x000015b5       0xc6 Obj-C32-PIC32_GP_SK_MRF24WB\WFPowerSave.o
 .debug_pubnames
                0x0000167b       0x33 Obj-C32-PIC32_GP_SK_MRF24WB\WFScan.o
 .debug_pubnames
                0x000016ae       0x5e Obj-C32-PIC32_GP_SK_MRF24WB\WFTxPower.o
 .debug_pubnames
                0x0000170c       0x56 Obj-C32-PIC32_GP_SK_MRF24WB\MainDemo.o
 .debug_pubnames
                0x00001762       0x5c Obj-C32-PIC32_GP_SK_MRF24WB\GenericTCPServer.o
 .debug_pubnames
                0x000017be       0x3d Obj-C32-PIC32_GP_SK_MRF24WB\WF_Config.o
 .debug_pubnames
                0x000017fb       0x4d Obj-C32-PIC32_GP_SK_MRF24WB\I2C.o
 .debug_pubnames
                0x00001848      0x3a4 Obj-C32-PIC32_GP_SK_MRF24WB\rovercode.o
 .debug_pubnames
                0x00001bec       0x20 c:/program files/microchip/mplab c32 suite/bin/../lib/gcc/pic32mx/4.5.1/size\libgcc.a(_udivdi3.o)
 .debug_pubnames
                0x00001c0c       0x33 c:/program files/microchip/mplab c32 suite/bin/../lib/gcc/pic32mx/4.5.1/../../../../pic32mx/lib/size\libc.a(default-bootstrap-exception-handler.o)
 .debug_pubnames
                0x00001c3f       0x20 c:/program files/microchip/mplab c32 suite/bin/../lib/gcc/pic32mx/4.5.1/../../../../pic32mx/lib/size\libc.a(default-on-reset.o)
 .debug_pubnames
                0x00001c5f       0x24 c:/program files/microchip/mplab c32 suite/bin/../lib/gcc/pic32mx/4.5.1/../../../../pic32mx/lib/size\libc.a(default-on-bootstrap.o)
 .debug_pubnames
                0x00001c83       0x3b c:/program files/microchip/mplab c32 suite/bin/../lib/gcc/pic32mx/4.5.1/../../../../pic32mx/lib/size\libmchp_peripheral_32MX340F256H.a(pcache.o)
 .debug_pubnames
                0x00001cbe       0x2b c:/program files/microchip/mplab c32 suite/bin/../lib/gcc/pic32mx/4.5.1/../../../../pic32mx/lib/size\libmchp_peripheral_32MX340F256H.a(int_disable_interrupts_lib.o)
 .debug_pubnames
                0x00001ce9       0x2b c:/program files/microchip/mplab c32 suite/bin/../lib/gcc/pic32mx/4.5.1/../../../../pic32mx/lib/size\libmchp_peripheral_32MX340F256H.a(int_restore_interrupts_lib.o)
 .debug_pubnames
                0x00001d14       0x36 c:/program files/microchip/mplab c32 suite/bin/../lib/gcc/pic32mx/4.5.1/../../../../pic32mx/lib/size\libmchp_peripheral_32MX340F256H.a(int_enable_mv_int_lib.o)
 .debug_pubnames
                0x00001d4a       0x20 c:/program files/microchip/mplab c32 suite/bin/../lib/gcc/pic32mx/4.5.1/../../../../pic32mx/lib/size\libmchp_peripheral_32MX340F256H.a(I2CEnable.o)
 .debug_pubnames
                0x00001d6a       0x26 c:/program files/microchip/mplab c32 suite/bin/../lib/gcc/pic32mx/4.5.1/../../../../pic32mx/lib/size\libmchp_peripheral_32MX340F256H.a(I2CSetFrequency.o)
 .debug_pubnames
                0x00001d90       0x2a c:/program files/microchip/mplab c32 suite/bin/../lib/gcc/pic32mx/4.5.1/../../../../pic32mx/lib/size\libmchp_peripheral_32MX340F256H.a(int_enable_interrupts_lib.o)

.debug_info     0x00000000    0x61ce6
 *(.debug_info .gnu.linkonce.wi.*)
 .debug_info    0x00000000     0x1b24 Obj-C32-PIC32_GP_SK_MRF24WB\Announce.o
 .debug_info    0x00001b24      0xf7b Obj-C32-PIC32_GP_SK_MRF24WB\ARCFOUR.o
 .debug_info    0x00002a9f     0x19d7 Obj-C32-PIC32_GP_SK_MRF24WB\ARP.o
 .debug_info    0x00004476     0x1d19 Obj-C32-PIC32_GP_SK_MRF24WB\AutoIP.o
 .debug_info    0x0000618f      0xf7f Obj-C32-PIC32_GP_SK_MRF24WB\BerkeleyAPI.o
 .debug_info    0x0000710e      0xf7a Obj-C32-PIC32_GP_SK_MRF24WB\BigInt.o
 .debug_info    0x00008088     0x100e Obj-C32-PIC32_GP_SK_MRF24WB\Delay.o
 .debug_info    0x00009096     0x1fc5 Obj-C32-PIC32_GP_SK_MRF24WB\DHCP.o
 .debug_info    0x0000b05b      0xf79 Obj-C32-PIC32_GP_SK_MRF24WB\DHCPs.o
 .debug_info    0x0000bfd4     0x1c5c Obj-C32-PIC32_GP_SK_MRF24WB\DNS.o
 .debug_info    0x0000dc30      0xf78 Obj-C32-PIC32_GP_SK_MRF24WB\DNSs.o
 .debug_info    0x0000eba8      0xf7a Obj-C32-PIC32_GP_SK_MRF24WB\DynDNS.o
 .debug_info    0x0000fb22      0xf7c Obj-C32-PIC32_GP_SK_MRF24WB\ENC28J60.o
 .debug_info    0x00010a9e      0xf7e Obj-C32-PIC32_GP_SK_MRF24WB\ENCX24J600.o
 .debug_info    0x00011a1c      0xf7e Obj-C32-PIC32_GP_SK_MRF24WB\FileSystem.o
 .debug_info    0x0001299a      0xf77 Obj-C32-PIC32_GP_SK_MRF24WB\FTP.o
 .debug_info    0x00013911      0xf7a Obj-C32-PIC32_GP_SK_MRF24WB\Hashes.o
 .debug_info    0x0001488b     0x1e8e Obj-C32-PIC32_GP_SK_MRF24WB\Helpers.o
 .debug_info    0x00016719     0x156e Obj-C32-PIC32_GP_SK_MRF24WB\ICMP.o
 .debug_info    0x00017c87     0x1a57 Obj-C32-PIC32_GP_SK_MRF24WB\IP.o
 .debug_info    0x000196de      0xf7f Obj-C32-PIC32_GP_SK_MRF24WB\LCDBlocking.o
 .debug_info    0x0001a65d      0xf79 Obj-C32-PIC32_GP_SK_MRF24WB\MPFS2.o
 .debug_info    0x0001b5d6      0xf78 Obj-C32-PIC32_GP_SK_MRF24WB\NBNS.o
 .debug_info    0x0001c54e      0xf7a Obj-C32-PIC32_GP_SK_MRF24WB\Reboot.o
 .debug_info    0x0001d4c8      0xf77 Obj-C32-PIC32_GP_SK_MRF24WB\RSA.o
 .debug_info    0x0001e43f      0xf78 Obj-C32-PIC32_GP_SK_MRF24WB\SMTP.o
 .debug_info    0x0001f3b7      0xf78 Obj-C32-PIC32_GP_SK_MRF24WB\SNMP.o
 .debug_info    0x0002032f      0xf7a Obj-C32-PIC32_GP_SK_MRF24WB\SNMPv3.o
 .debug_info    0x000212a9      0xf7d Obj-C32-PIC32_GP_SK_MRF24WB\SNMPv3USM.o
 .debug_info    0x00022226     0x12fa Obj-C32-PIC32_GP_SK_MRF24WB\SNTP.o
 .debug_info    0x00023520      0xf7d Obj-C32-PIC32_GP_SK_MRF24WB\SPIEEPROM.o
 .debug_info    0x0002449d      0xf7c Obj-C32-PIC32_GP_SK_MRF24WB\SPIFlash.o
 .debug_info    0x00025419      0xf7a Obj-C32-PIC32_GP_SK_MRF24WB\SPIRAM.o
 .debug_info    0x00026393      0xf77 Obj-C32-PIC32_GP_SK_MRF24WB\SSL.o
 .debug_info    0x0002730a     0x18e3 Obj-C32-PIC32_GP_SK_MRF24WB\StackTsk.o
 .debug_info    0x00028bed     0x3067 Obj-C32-PIC32_GP_SK_MRF24WB\TCP.o
 .debug_info    0x0002bc54      0xf79 Obj-C32-PIC32_GP_SK_MRF24WB\TFTPc.o
 .debug_info    0x0002cbcd     0x1708 Obj-C32-PIC32_GP_SK_MRF24WB\Tick.o
 .debug_info    0x0002e2d5      0xf78 Obj-C32-PIC32_GP_SK_MRF24WB\UART.o
 .debug_info    0x0002f24d     0x206d Obj-C32-PIC32_GP_SK_MRF24WB\UDP.o
 .debug_info    0x000312ba      0xf82 Obj-C32-PIC32_GP_SK_MRF24WB\ZeroconfHelper.o
 .debug_info    0x0003223c      0xf85 Obj-C32-PIC32_GP_SK_MRF24WB\ZeroconfLinkLocal.o
 .debug_info    0x000331c1      0xf88 Obj-C32-PIC32_GP_SK_MRF24WB\ZeroconfMulticastDNS.o
 .debug_info    0x00034149     0x178f Obj-C32-PIC32_GP_SK_MRF24WB\WF_Eint.o
 .debug_info    0x000358d8     0x18cc Obj-C32-PIC32_GP_SK_MRF24WB\WF_Spi.o
 .debug_info    0x000371a4     0x234b Obj-C32-PIC32_GP_SK_MRF24WB\WFConnectionAlgorithm.o
 .debug_info    0x000394ef     0x15c9 Obj-C32-PIC32_GP_SK_MRF24WB\WFConnectionManager.o
 .debug_info    0x0003aab8     0x1f98 Obj-C32-PIC32_GP_SK_MRF24WB\WFConnectionProfile.o
 .debug_info    0x0003ca50      0xf82 Obj-C32-PIC32_GP_SK_MRF24WB\WFConsole.o
 .debug_info    0x0003d9d2      0xf8a Obj-C32-PIC32_GP_SK_MRF24WB\WFConsoleIfconfig.o
 .debug_info    0x0003e95c      0xf8a Obj-C32-PIC32_GP_SK_MRF24WB\WFConsoleIwconfig.o
 .debug_info    0x0003f8e6      0xf88 Obj-C32-PIC32_GP_SK_MRF24WB\WFConsoleIwpriv.o
 .debug_info    0x0004086e      0xf8c Obj-C32-PIC32_GP_SK_MRF24WB\WFConsoleMsgHandler.o
 .debug_info    0x000417fa      0xf86 Obj-C32-PIC32_GP_SK_MRF24WB\WFConsoleMsgs.o
 .debug_info    0x00042780      0xf83 Obj-C32-PIC32_GP_SK_MRF24WB\WFDataTxRx.o
 .debug_info    0x00043703     0x1bcd Obj-C32-PIC32_GP_SK_MRF24WB\WFDriverCom.o
 .debug_info    0x000452d0     0x1a4e Obj-C32-PIC32_GP_SK_MRF24WB\WFDriverRaw.o
 .debug_info    0x00046d1e      0xf85 Obj-C32-PIC32_GP_SK_MRF24WB\WFEasyConfig.o
 .debug_info    0x00047ca3     0x1527 Obj-C32-PIC32_GP_SK_MRF24WB\WFEventHandler.o
 .debug_info    0x000491ca     0x1a0a Obj-C32-PIC32_GP_SK_MRF24WB\WFInit.o
 .debug_info    0x0004abd4     0x1ec9 Obj-C32-PIC32_GP_SK_MRF24WB\WFMac.o
 .debug_info    0x0004ca9d     0x15f7 Obj-C32-PIC32_GP_SK_MRF24WB\WFMgmtMsg.o
 .debug_info    0x0004e094     0x20a9 Obj-C32-PIC32_GP_SK_MRF24WB\WFParamMsg.o
 .debug_info    0x0005013d     0x1925 Obj-C32-PIC32_GP_SK_MRF24WB\WFPowerSave.o
 .debug_info    0x00051a62     0x153b Obj-C32-PIC32_GP_SK_MRF24WB\WFScan.o
 .debug_info    0x00052f9d     0x1693 Obj-C32-PIC32_GP_SK_MRF24WB\WFTxPower.o
 .debug_info    0x00054630      0xf65 Obj-C32-PIC32_GP_SK_MRF24WB\CustomSSLCert.o
 .debug_info    0x00055595     0x1cae Obj-C32-PIC32_GP_SK_MRF24WB\MainDemo.o
 .debug_info    0x00057243      0xf68 Obj-C32-PIC32_GP_SK_MRF24WB\GenericTCPClient.o
 .debug_info    0x000581ab     0x1136 Obj-C32-PIC32_GP_SK_MRF24WB\GenericTCPServer.o
 .debug_info    0x000592e1      0xf60 Obj-C32-PIC32_GP_SK_MRF24WB\MPFSImg2.o
 .debug_info    0x0005a241     0x1418 Obj-C32-PIC32_GP_SK_MRF24WB\WF_Config.o
 .debug_info    0x0005b659     0x1742 Obj-C32-PIC32_GP_SK_MRF24WB\I2C.o
 .debug_info    0x0005cd9b     0x3f84 Obj-C32-PIC32_GP_SK_MRF24WB\rovercode.o
 .debug_info    0x00060d1f      0x78b c:/program files/microchip/mplab c32 suite/bin/../lib/gcc/pic32mx/4.5.1/size\libgcc.a(_udivdi3.o)
 .debug_info    0x000614aa      0x106 c:/program files/microchip/mplab c32 suite/bin/../lib/gcc/pic32mx/4.5.1/../../../../pic32mx/lib/size\libc.a(default-bootstrap-exception-handler.o)
 .debug_info    0x000615b0       0xe0 c:/program files/microchip/mplab c32 suite/bin/../lib/gcc/pic32mx/4.5.1/../../../../pic32mx/lib/size\libc.a(default-on-reset.o)
 .debug_info    0x00061690       0xe8 c:/program files/microchip/mplab c32 suite/bin/../lib/gcc/pic32mx/4.5.1/../../../../pic32mx/lib/size\libc.a(default-on-bootstrap.o)
 .debug_info    0x00061778       0xd4 c:/program files/microchip/mplab c32 suite/bin/../lib/gcc/pic32mx/4.5.1/../../../../pic32mx/lib/size\libmchp_peripheral_32MX340F256H.a(pcache.o)
 .debug_info    0x0006184c       0xcb c:/program files/microchip/mplab c32 suite/bin/../lib/gcc/pic32mx/4.5.1/../../../../pic32mx/lib/size\libmchp_peripheral_32MX340F256H.a(int_disable_interrupts_lib.o)
 .debug_info    0x00061917       0xcb c:/program files/microchip/mplab c32 suite/bin/../lib/gcc/pic32mx/4.5.1/../../../../pic32mx/lib/size\libmchp_peripheral_32MX340F256H.a(int_restore_interrupts_lib.o)
 .debug_info    0x000619e2       0xd1 c:/program files/microchip/mplab c32 suite/bin/../lib/gcc/pic32mx/4.5.1/../../../../pic32mx/lib/size\libmchp_peripheral_32MX340F256H.a(int_enable_mv_int_lib.o)
 .debug_info    0x00061ab3       0xaf c:/program files/microchip/mplab c32 suite/bin/../lib/gcc/pic32mx/4.5.1/../../../../pic32mx/lib/size\libmchp_peripheral_32MX340F256H.a(I2CEnable.o)
 .debug_info    0x00061b62       0xbb c:/program files/microchip/mplab c32 suite/bin/../lib/gcc/pic32mx/4.5.1/../../../../pic32mx/lib/size\libmchp_peripheral_32MX340F256H.a(I2CSetFrequency.o)
 .debug_info    0x00061c1d       0xc9 c:/program files/microchip/mplab c32 suite/bin/../lib/gcc/pic32mx/4.5.1/../../../../pic32mx/lib/size\libmchp_peripheral_32MX340F256H.a(int_enable_interrupts_lib.o)
 .debug_info    0x00061ce6        0x0 c:/program files/microchip/mplab c32 suite/bin/../lib/gcc/pic32mx/4.5.1/../../../../pic32mx/lib/size\libmchp_peripheral_32MX340F256H.a(I2CPrivate.o)

.debug_abbrev   0x00000000     0x8756
 *(.debug_abbrev)
 .debug_abbrev  0x00000000      0x1f0 Obj-C32-PIC32_GP_SK_MRF24WB\Announce.o
 .debug_abbrev  0x000001f0      0x166 Obj-C32-PIC32_GP_SK_MRF24WB\ARCFOUR.o
 .debug_abbrev  0x00000356      0x266 Obj-C32-PIC32_GP_SK_MRF24WB\ARP.o
 .debug_abbrev  0x000005bc      0x25b Obj-C32-PIC32_GP_SK_MRF24WB\AutoIP.o
 .debug_abbrev  0x00000817      0x166 Obj-C32-PIC32_GP_SK_MRF24WB\BerkeleyAPI.o
 .debug_abbrev  0x0000097d      0x166 Obj-C32-PIC32_GP_SK_MRF24WB\BigInt.o
 .debug_abbrev  0x00000ae3      0x19b Obj-C32-PIC32_GP_SK_MRF24WB\Delay.o
 .debug_abbrev  0x00000c7e      0x299 Obj-C32-PIC32_GP_SK_MRF24WB\DHCP.o
 .debug_abbrev  0x00000f17      0x166 Obj-C32-PIC32_GP_SK_MRF24WB\DHCPs.o
 .debug_abbrev  0x0000107d      0x262 Obj-C32-PIC32_GP_SK_MRF24WB\DNS.o
 .debug_abbrev  0x000012df      0x166 Obj-C32-PIC32_GP_SK_MRF24WB\DNSs.o
 .debug_abbrev  0x00001445      0x166 Obj-C32-PIC32_GP_SK_MRF24WB\DynDNS.o
 .debug_abbrev  0x000015ab      0x166 Obj-C32-PIC32_GP_SK_MRF24WB\ENC28J60.o
 .debug_abbrev  0x00001711      0x166 Obj-C32-PIC32_GP_SK_MRF24WB\ENCX24J600.o
 .debug_abbrev  0x00001877      0x166 Obj-C32-PIC32_GP_SK_MRF24WB\FileSystem.o
 .debug_abbrev  0x000019dd      0x166 Obj-C32-PIC32_GP_SK_MRF24WB\FTP.o
 .debug_abbrev  0x00001b43      0x166 Obj-C32-PIC32_GP_SK_MRF24WB\Hashes.o
 .debug_abbrev  0x00001ca9      0x23e Obj-C32-PIC32_GP_SK_MRF24WB\Helpers.o
 .debug_abbrev  0x00001ee7      0x1c0 Obj-C32-PIC32_GP_SK_MRF24WB\ICMP.o
 .debug_abbrev  0x000020a7      0x242 Obj-C32-PIC32_GP_SK_MRF24WB\IP.o
 .debug_abbrev  0x000022e9      0x166 Obj-C32-PIC32_GP_SK_MRF24WB\LCDBlocking.o
 .debug_abbrev  0x0000244f      0x166 Obj-C32-PIC32_GP_SK_MRF24WB\MPFS2.o
 .debug_abbrev  0x000025b5      0x166 Obj-C32-PIC32_GP_SK_MRF24WB\NBNS.o
 .debug_abbrev  0x0000271b      0x166 Obj-C32-PIC32_GP_SK_MRF24WB\Reboot.o
 .debug_abbrev  0x00002881      0x166 Obj-C32-PIC32_GP_SK_MRF24WB\RSA.o
 .debug_abbrev  0x000029e7      0x166 Obj-C32-PIC32_GP_SK_MRF24WB\SMTP.o
 .debug_abbrev  0x00002b4d      0x166 Obj-C32-PIC32_GP_SK_MRF24WB\SNMP.o
 .debug_abbrev  0x00002cb3      0x166 Obj-C32-PIC32_GP_SK_MRF24WB\SNMPv3.o
 .debug_abbrev  0x00002e19      0x166 Obj-C32-PIC32_GP_SK_MRF24WB\SNMPv3USM.o
 .debug_abbrev  0x00002f7f      0x1d9 Obj-C32-PIC32_GP_SK_MRF24WB\SNTP.o
 .debug_abbrev  0x00003158      0x166 Obj-C32-PIC32_GP_SK_MRF24WB\SPIEEPROM.o
 .debug_abbrev  0x000032be      0x166 Obj-C32-PIC32_GP_SK_MRF24WB\SPIFlash.o
 .debug_abbrev  0x00003424      0x166 Obj-C32-PIC32_GP_SK_MRF24WB\SPIRAM.o
 .debug_abbrev  0x0000358a      0x166 Obj-C32-PIC32_GP_SK_MRF24WB\SSL.o
 .debug_abbrev  0x000036f0      0x21a Obj-C32-PIC32_GP_SK_MRF24WB\StackTsk.o
 .debug_abbrev  0x0000390a      0x2d2 Obj-C32-PIC32_GP_SK_MRF24WB\TCP.o
 .debug_abbrev  0x00003bdc      0x166 Obj-C32-PIC32_GP_SK_MRF24WB\TFTPc.o
 .debug_abbrev  0x00003d42      0x214 Obj-C32-PIC32_GP_SK_MRF24WB\Tick.o
 .debug_abbrev  0x00003f56      0x166 Obj-C32-PIC32_GP_SK_MRF24WB\UART.o
 .debug_abbrev  0x000040bc      0x2d9 Obj-C32-PIC32_GP_SK_MRF24WB\UDP.o
 .debug_abbrev  0x00004395      0x166 Obj-C32-PIC32_GP_SK_MRF24WB\ZeroconfHelper.o
 .debug_abbrev  0x000044fb      0x166 Obj-C32-PIC32_GP_SK_MRF24WB\ZeroconfLinkLocal.o
 .debug_abbrev  0x00004661      0x166 Obj-C32-PIC32_GP_SK_MRF24WB\ZeroconfMulticastDNS.o
 .debug_abbrev  0x000047c7      0x1aa Obj-C32-PIC32_GP_SK_MRF24WB\WF_Eint.o
 .debug_abbrev  0x00004971      0x217 Obj-C32-PIC32_GP_SK_MRF24WB\WF_Spi.o
 .debug_abbrev  0x00004b88      0x291 Obj-C32-PIC32_GP_SK_MRF24WB\WFConnectionAlgorithm.o
 .debug_abbrev  0x00004e19      0x222 Obj-C32-PIC32_GP_SK_MRF24WB\WFConnectionManager.o
 .debug_abbrev  0x0000503b      0x298 Obj-C32-PIC32_GP_SK_MRF24WB\WFConnectionProfile.o
 .debug_abbrev  0x000052d3      0x166 Obj-C32-PIC32_GP_SK_MRF24WB\WFConsole.o
 .debug_abbrev  0x00005439      0x166 Obj-C32-PIC32_GP_SK_MRF24WB\WFConsoleIfconfig.o
 .debug_abbrev  0x0000559f      0x166 Obj-C32-PIC32_GP_SK_MRF24WB\WFConsoleIwconfig.o
 .debug_abbrev  0x00005705      0x166 Obj-C32-PIC32_GP_SK_MRF24WB\WFConsoleIwpriv.o
 .debug_abbrev  0x0000586b      0x166 Obj-C32-PIC32_GP_SK_MRF24WB\WFConsoleMsgHandler.o
 .debug_abbrev  0x000059d1      0x166 Obj-C32-PIC32_GP_SK_MRF24WB\WFConsoleMsgs.o
 .debug_abbrev  0x00005b37      0x166 Obj-C32-PIC32_GP_SK_MRF24WB\WFDataTxRx.o
 .debug_abbrev  0x00005c9d      0x267 Obj-C32-PIC32_GP_SK_MRF24WB\WFDriverCom.o
 .debug_abbrev  0x00005f04      0x2ab Obj-C32-PIC32_GP_SK_MRF24WB\WFDriverRaw.o
 .debug_abbrev  0x000061af      0x166 Obj-C32-PIC32_GP_SK_MRF24WB\WFEasyConfig.o
 .debug_abbrev  0x00006315      0x229 Obj-C32-PIC32_GP_SK_MRF24WB\WFEventHandler.o
 .debug_abbrev  0x0000653e      0x1da Obj-C32-PIC32_GP_SK_MRF24WB\WFInit.o
 .debug_abbrev  0x00006718      0x2b8 Obj-C32-PIC32_GP_SK_MRF24WB\WFMac.o
 .debug_abbrev  0x000069d0      0x273 Obj-C32-PIC32_GP_SK_MRF24WB\WFMgmtMsg.o
 .debug_abbrev  0x00006c43      0x256 Obj-C32-PIC32_GP_SK_MRF24WB\WFParamMsg.o
 .debug_abbrev  0x00006e99      0x279 Obj-C32-PIC32_GP_SK_MRF24WB\WFPowerSave.o
 .debug_abbrev  0x00007112      0x1c9 Obj-C32-PIC32_GP_SK_MRF24WB\WFScan.o
 .debug_abbrev  0x000072db      0x1d6 Obj-C32-PIC32_GP_SK_MRF24WB\WFTxPower.o
 .debug_abbrev  0x000074b1      0x166 Obj-C32-PIC32_GP_SK_MRF24WB\CustomSSLCert.o
 .debug_abbrev  0x00007617      0x264 Obj-C32-PIC32_GP_SK_MRF24WB\MainDemo.o
 .debug_abbrev  0x0000787b      0x166 Obj-C32-PIC32_GP_SK_MRF24WB\GenericTCPClient.o
 .debug_abbrev  0x000079e1      0x1d6 Obj-C32-PIC32_GP_SK_MRF24WB\GenericTCPServer.o
 .debug_abbrev  0x00007bb7      0x166 Obj-C32-PIC32_GP_SK_MRF24WB\MPFSImg2.o
 .debug_abbrev  0x00007d1d      0x1be Obj-C32-PIC32_GP_SK_MRF24WB\WF_Config.o
 .debug_abbrev  0x00007edb      0x1ff Obj-C32-PIC32_GP_SK_MRF24WB\I2C.o
 .debug_abbrev  0x000080da      0x3cc Obj-C32-PIC32_GP_SK_MRF24WB\rovercode.o
 .debug_abbrev  0x000084a6      0x13d c:/program files/microchip/mplab c32 suite/bin/../lib/gcc/pic32mx/4.5.1/size\libgcc.a(_udivdi3.o)
 .debug_abbrev  0x000085e3       0x25 c:/program files/microchip/mplab c32 suite/bin/../lib/gcc/pic32mx/4.5.1/../../../../pic32mx/lib/size\libc.a(default-bootstrap-exception-handler.o)
 .debug_abbrev  0x00008608       0x25 c:/program files/microchip/mplab c32 suite/bin/../lib/gcc/pic32mx/4.5.1/../../../../pic32mx/lib/size\libc.a(default-on-reset.o)
 .debug_abbrev  0x0000862d       0x25 c:/program files/microchip/mplab c32 suite/bin/../lib/gcc/pic32mx/4.5.1/../../../../pic32mx/lib/size\libc.a(default-on-bootstrap.o)
 .debug_abbrev  0x00008652       0x25 c:/program files/microchip/mplab c32 suite/bin/../lib/gcc/pic32mx/4.5.1/../../../../pic32mx/lib/size\libmchp_peripheral_32MX340F256H.a(pcache.o)
 .debug_abbrev  0x00008677       0x25 c:/program files/microchip/mplab c32 suite/bin/../lib/gcc/pic32mx/4.5.1/../../../../pic32mx/lib/size\libmchp_peripheral_32MX340F256H.a(int_disable_interrupts_lib.o)
 .debug_abbrev  0x0000869c       0x25 c:/program files/microchip/mplab c32 suite/bin/../lib/gcc/pic32mx/4.5.1/../../../../pic32mx/lib/size\libmchp_peripheral_32MX340F256H.a(int_restore_interrupts_lib.o)
 .debug_abbrev  0x000086c1       0x25 c:/program files/microchip/mplab c32 suite/bin/../lib/gcc/pic32mx/4.5.1/../../../../pic32mx/lib/size\libmchp_peripheral_32MX340F256H.a(int_enable_mv_int_lib.o)
 .debug_abbrev  0x000086e6       0x25 c:/program files/microchip/mplab c32 suite/bin/../lib/gcc/pic32mx/4.5.1/../../../../pic32mx/lib/size\libmchp_peripheral_32MX340F256H.a(I2CEnable.o)
 .debug_abbrev  0x0000870b       0x25 c:/program files/microchip/mplab c32 suite/bin/../lib/gcc/pic32mx/4.5.1/../../../../pic32mx/lib/size\libmchp_peripheral_32MX340F256H.a(I2CSetFrequency.o)
 .debug_abbrev  0x00008730       0x25 c:/program files/microchip/mplab c32 suite/bin/../lib/gcc/pic32mx/4.5.1/../../../../pic32mx/lib/size\libmchp_peripheral_32MX340F256H.a(int_enable_interrupts_lib.o)
 .debug_abbrev  0x00008755        0x1 c:/program files/microchip/mplab c32 suite/bin/../lib/gcc/pic32mx/4.5.1/../../../../pic32mx/lib/size\libmchp_peripheral_32MX340F256H.a(I2CPrivate.o)

.debug_line     0x00000000     0x9488
 *(.debug_line)
 .debug_line    0x00000000      0x21e Obj-C32-PIC32_GP_SK_MRF24WB\Announce.o
 .debug_line    0x0000021e      0x13f Obj-C32-PIC32_GP_SK_MRF24WB\ARCFOUR.o
 .debug_line    0x0000035d      0x243 Obj-C32-PIC32_GP_SK_MRF24WB\ARP.o
 .debug_line    0x000005a0      0x2f2 Obj-C32-PIC32_GP_SK_MRF24WB\AutoIP.o
 .debug_line    0x00000892      0x13f Obj-C32-PIC32_GP_SK_MRF24WB\BerkeleyAPI.o
 .debug_line    0x000009d1      0x13f Obj-C32-PIC32_GP_SK_MRF24WB\BigInt.o
 .debug_line    0x00000b10      0x18a Obj-C32-PIC32_GP_SK_MRF24WB\Delay.o
 .debug_line    0x00000c9a      0x3ea Obj-C32-PIC32_GP_SK_MRF24WB\DHCP.o
 .debug_line    0x00001084      0x13f Obj-C32-PIC32_GP_SK_MRF24WB\DHCPs.o
 .debug_line    0x000011c3      0x31d Obj-C32-PIC32_GP_SK_MRF24WB\DNS.o
 .debug_line    0x000014e0      0x13f Obj-C32-PIC32_GP_SK_MRF24WB\DNSs.o
 .debug_line    0x0000161f      0x13f Obj-C32-PIC32_GP_SK_MRF24WB\DynDNS.o
 .debug_line    0x0000175e      0x13f Obj-C32-PIC32_GP_SK_MRF24WB\ENC28J60.o
 .debug_line    0x0000189d      0x13f Obj-C32-PIC32_GP_SK_MRF24WB\ENCX24J600.o
 .debug_line    0x000019dc      0x13f Obj-C32-PIC32_GP_SK_MRF24WB\FileSystem.o
 .debug_line    0x00001b1b      0x13f Obj-C32-PIC32_GP_SK_MRF24WB\FTP.o
 .debug_line    0x00001c5a      0x13f Obj-C32-PIC32_GP_SK_MRF24WB\Hashes.o
 .debug_line    0x00001d99      0x386 Obj-C32-PIC32_GP_SK_MRF24WB\Helpers.o
 .debug_line    0x0000211f      0x1c6 Obj-C32-PIC32_GP_SK_MRF24WB\ICMP.o
 .debug_line    0x000022e5      0x207 Obj-C32-PIC32_GP_SK_MRF24WB\IP.o
 .debug_line    0x000024ec      0x13f Obj-C32-PIC32_GP_SK_MRF24WB\LCDBlocking.o
 .debug_line    0x0000262b      0x13f Obj-C32-PIC32_GP_SK_MRF24WB\MPFS2.o
 .debug_line    0x0000276a      0x13f Obj-C32-PIC32_GP_SK_MRF24WB\NBNS.o
 .debug_line    0x000028a9      0x13f Obj-C32-PIC32_GP_SK_MRF24WB\Reboot.o
 .debug_line    0x000029e8      0x13f Obj-C32-PIC32_GP_SK_MRF24WB\RSA.o
 .debug_line    0x00002b27      0x13f Obj-C32-PIC32_GP_SK_MRF24WB\SMTP.o
 .debug_line    0x00002c66      0x13f Obj-C32-PIC32_GP_SK_MRF24WB\SNMP.o
 .debug_line    0x00002da5      0x13f Obj-C32-PIC32_GP_SK_MRF24WB\SNMPv3.o
 .debug_line    0x00002ee4      0x13f Obj-C32-PIC32_GP_SK_MRF24WB\SNMPv3USM.o
 .debug_line    0x00003023      0x20e Obj-C32-PIC32_GP_SK_MRF24WB\SNTP.o
 .debug_line    0x00003231      0x13f Obj-C32-PIC32_GP_SK_MRF24WB\SPIEEPROM.o
 .debug_line    0x00003370      0x13f Obj-C32-PIC32_GP_SK_MRF24WB\SPIFlash.o
 .debug_line    0x000034af      0x13f Obj-C32-PIC32_GP_SK_MRF24WB\SPIRAM.o
 .debug_line    0x000035ee      0x13f Obj-C32-PIC32_GP_SK_MRF24WB\SSL.o
 .debug_line    0x0000372d      0x223 Obj-C32-PIC32_GP_SK_MRF24WB\StackTsk.o
 .debug_line    0x00003950      0xb53 Obj-C32-PIC32_GP_SK_MRF24WB\TCP.o
 .debug_line    0x000044a3      0x13f Obj-C32-PIC32_GP_SK_MRF24WB\TFTPc.o
 .debug_line    0x000045e2      0x1c9 Obj-C32-PIC32_GP_SK_MRF24WB\Tick.o
 .debug_line    0x000047ab      0x13f Obj-C32-PIC32_GP_SK_MRF24WB\UART.o
 .debug_line    0x000048ea      0x374 Obj-C32-PIC32_GP_SK_MRF24WB\UDP.o
 .debug_line    0x00004c5e      0x13f Obj-C32-PIC32_GP_SK_MRF24WB\ZeroconfHelper.o
 .debug_line    0x00004d9d      0x13f Obj-C32-PIC32_GP_SK_MRF24WB\ZeroconfLinkLocal.o
 .debug_line    0x00004edc      0x13f Obj-C32-PIC32_GP_SK_MRF24WB\ZeroconfMulticastDNS.o
 .debug_line    0x0000501b      0x1b5 Obj-C32-PIC32_GP_SK_MRF24WB\WF_Eint.o
 .debug_line    0x000051d0      0x1fd Obj-C32-PIC32_GP_SK_MRF24WB\WF_Spi.o
 .debug_line    0x000053cd      0x32e Obj-C32-PIC32_GP_SK_MRF24WB\WFConnectionAlgorithm.o
 .debug_line    0x000056fb      0x1fc Obj-C32-PIC32_GP_SK_MRF24WB\WFConnectionManager.o
 .debug_line    0x000058f7      0x2ac Obj-C32-PIC32_GP_SK_MRF24WB\WFConnectionProfile.o
 .debug_line    0x00005ba3      0x13f Obj-C32-PIC32_GP_SK_MRF24WB\WFConsole.o
 .debug_line    0x00005ce2      0x13f Obj-C32-PIC32_GP_SK_MRF24WB\WFConsoleIfconfig.o
 .debug_line    0x00005e21      0x13f Obj-C32-PIC32_GP_SK_MRF24WB\WFConsoleIwconfig.o
 .debug_line    0x00005f60      0x13f Obj-C32-PIC32_GP_SK_MRF24WB\WFConsoleIwpriv.o
 .debug_line    0x0000609f      0x13f Obj-C32-PIC32_GP_SK_MRF24WB\WFConsoleMsgHandler.o
 .debug_line    0x000061de      0x13f Obj-C32-PIC32_GP_SK_MRF24WB\WFConsoleMsgs.o
 .debug_line    0x0000631d      0x13f Obj-C32-PIC32_GP_SK_MRF24WB\WFDataTxRx.o
 .debug_line    0x0000645c      0x2cb Obj-C32-PIC32_GP_SK_MRF24WB\WFDriverCom.o
 .debug_line    0x00006727      0x2f2 Obj-C32-PIC32_GP_SK_MRF24WB\WFDriverRaw.o
 .debug_line    0x00006a19      0x13f Obj-C32-PIC32_GP_SK_MRF24WB\WFEasyConfig.o
 .debug_line    0x00006b58      0x233 Obj-C32-PIC32_GP_SK_MRF24WB\WFEventHandler.o
 .debug_line    0x00006d8b      0x1ce Obj-C32-PIC32_GP_SK_MRF24WB\WFInit.o
 .debug_line    0x00006f59      0x3fe Obj-C32-PIC32_GP_SK_MRF24WB\WFMac.o
 .debug_line    0x00007357      0x238 Obj-C32-PIC32_GP_SK_MRF24WB\WFMgmtMsg.o
 .debug_line    0x0000758f      0x27e Obj-C32-PIC32_GP_SK_MRF24WB\WFParamMsg.o
 .debug_line    0x0000780d      0x21c Obj-C32-PIC32_GP_SK_MRF24WB\WFPowerSave.o
 .debug_line    0x00007a29      0x1d7 Obj-C32-PIC32_GP_SK_MRF24WB\WFScan.o
 .debug_line    0x00007c00      0x1e9 Obj-C32-PIC32_GP_SK_MRF24WB\WFTxPower.o
 .debug_line    0x00007de9      0x13f Obj-C32-PIC32_GP_SK_MRF24WB\CustomSSLCert.o
 .debug_line    0x00007f28      0x21a Obj-C32-PIC32_GP_SK_MRF24WB\MainDemo.o
 .debug_line    0x00008142      0x13f Obj-C32-PIC32_GP_SK_MRF24WB\GenericTCPClient.o
 .debug_line    0x00008281      0x1e1 Obj-C32-PIC32_GP_SK_MRF24WB\GenericTCPServer.o
 .debug_line    0x00008462      0x13f Obj-C32-PIC32_GP_SK_MRF24WB\MPFSImg2.o
 .debug_line    0x000085a1      0x1a9 Obj-C32-PIC32_GP_SK_MRF24WB\WF_Config.o
 .debug_line    0x0000874a      0x1a2 Obj-C32-PIC32_GP_SK_MRF24WB\I2C.o
 .debug_line    0x000088ec      0x5c2 Obj-C32-PIC32_GP_SK_MRF24WB\rovercode.o
 .debug_line    0x00008eae      0x118 c:/program files/microchip/mplab c32 suite/bin/../lib/gcc/pic32mx/4.5.1/size\libgcc.a(_udivdi3.o)
 .debug_line    0x00008fc6       0xa6 c:/program files/microchip/mplab c32 suite/bin/../lib/gcc/pic32mx/4.5.1/../../../../pic32mx/lib/size\libc.a(default-bootstrap-exception-handler.o)
 .debug_line    0x0000906c       0x93 c:/program files/microchip/mplab c32 suite/bin/../lib/gcc/pic32mx/4.5.1/../../../../pic32mx/lib/size\libc.a(default-on-reset.o)
 .debug_line    0x000090ff       0x97 c:/program files/microchip/mplab c32 suite/bin/../lib/gcc/pic32mx/4.5.1/../../../../pic32mx/lib/size\libc.a(default-on-bootstrap.o)
 .debug_line    0x00009196       0x62 c:/program files/microchip/mplab c32 suite/bin/../lib/gcc/pic32mx/4.5.1/../../../../pic32mx/lib/size\libmchp_peripheral_32MX340F256H.a(pcache.o)
 .debug_line    0x000091f8       0x73 c:/program files/microchip/mplab c32 suite/bin/../lib/gcc/pic32mx/4.5.1/../../../../pic32mx/lib/size\libmchp_peripheral_32MX340F256H.a(int_disable_interrupts_lib.o)
 .debug_line    0x0000926b       0x73 c:/program files/microchip/mplab c32 suite/bin/../lib/gcc/pic32mx/4.5.1/../../../../pic32mx/lib/size\libmchp_peripheral_32MX340F256H.a(int_restore_interrupts_lib.o)
 .debug_line    0x000092de       0x6e c:/program files/microchip/mplab c32 suite/bin/../lib/gcc/pic32mx/4.5.1/../../../../pic32mx/lib/size\libmchp_peripheral_32MX340F256H.a(int_enable_mv_int_lib.o)
 .debug_line    0x0000934c       0x62 c:/program files/microchip/mplab c32 suite/bin/../lib/gcc/pic32mx/4.5.1/../../../../pic32mx/lib/size\libmchp_peripheral_32MX340F256H.a(I2CEnable.o)
 .debug_line    0x000093ae       0x68 c:/program files/microchip/mplab c32 suite/bin/../lib/gcc/pic32mx/4.5.1/../../../../pic32mx/lib/size\libmchp_peripheral_32MX340F256H.a(I2CSetFrequency.o)
 .debug_line    0x00009416       0x72 c:/program files/microchip/mplab c32 suite/bin/../lib/gcc/pic32mx/4.5.1/../../../../pic32mx/lib/size\libmchp_peripheral_32MX340F256H.a(int_enable_interrupts_lib.o)
 .debug_line    0x00009488        0x0 c:/program files/microchip/mplab c32 suite/bin/../lib/gcc/pic32mx/4.5.1/../../../../pic32mx/lib/size\libmchp_peripheral_32MX340F256H.a(I2CPrivate.o)

.debug_frame    0x00000000     0x2620
 *(.debug_frame)
 .debug_frame   0x00000000       0x48 Obj-C32-PIC32_GP_SK_MRF24WB\Announce.o
 .debug_frame   0x00000048       0xb0 Obj-C32-PIC32_GP_SK_MRF24WB\ARP.o
 .debug_frame   0x000000f8      0x118 Obj-C32-PIC32_GP_SK_MRF24WB\AutoIP.o
 .debug_frame   0x00000210       0x44 Obj-C32-PIC32_GP_SK_MRF24WB\Delay.o
 .debug_frame   0x00000254      0x114 Obj-C32-PIC32_GP_SK_MRF24WB\DHCP.o
 .debug_frame   0x00000368       0xb4 Obj-C32-PIC32_GP_SK_MRF24WB\DNS.o
 .debug_frame   0x0000041c      0x1a0 Obj-C32-PIC32_GP_SK_MRF24WB\Helpers.o
 .debug_frame   0x000005bc       0x2c Obj-C32-PIC32_GP_SK_MRF24WB\ICMP.o
 .debug_frame   0x000005e8       0x80 Obj-C32-PIC32_GP_SK_MRF24WB\IP.o
 .debug_frame   0x00000668       0x48 Obj-C32-PIC32_GP_SK_MRF24WB\SNTP.o
 .debug_frame   0x000006b0       0x64 Obj-C32-PIC32_GP_SK_MRF24WB\StackTsk.o
 .debug_frame   0x00000714      0x39c Obj-C32-PIC32_GP_SK_MRF24WB\TCP.o
 .debug_frame   0x00000ab0       0xcc Obj-C32-PIC32_GP_SK_MRF24WB\Tick.o
 .debug_frame   0x00000b7c      0x200 Obj-C32-PIC32_GP_SK_MRF24WB\UDP.o
 .debug_frame   0x00000d7c       0xd0 Obj-C32-PIC32_GP_SK_MRF24WB\WF_Eint.o
 .debug_frame   0x00000e4c       0x90 Obj-C32-PIC32_GP_SK_MRF24WB\WF_Spi.o
 .debug_frame   0x00000edc      0x3c0 Obj-C32-PIC32_GP_SK_MRF24WB\WFConnectionAlgorithm.o
 .debug_frame   0x0000129c       0x94 Obj-C32-PIC32_GP_SK_MRF24WB\WFConnectionManager.o
 .debug_frame   0x00001330      0x224 Obj-C32-PIC32_GP_SK_MRF24WB\WFConnectionProfile.o
 .debug_frame   0x00001554      0x198 Obj-C32-PIC32_GP_SK_MRF24WB\WFDriverCom.o
 .debug_frame   0x000016ec      0x25c Obj-C32-PIC32_GP_SK_MRF24WB\WFDriverRaw.o
 .debug_frame   0x00001948       0x60 Obj-C32-PIC32_GP_SK_MRF24WB\WFEventHandler.o
 .debug_frame   0x000019a8       0x48 Obj-C32-PIC32_GP_SK_MRF24WB\WFInit.o
 .debug_frame   0x000019f0      0x354 Obj-C32-PIC32_GP_SK_MRF24WB\WFMac.o
 .debug_frame   0x00001d44       0xac Obj-C32-PIC32_GP_SK_MRF24WB\WFMgmtMsg.o
 .debug_frame   0x00001df0      0x1d0 Obj-C32-PIC32_GP_SK_MRF24WB\WFParamMsg.o
 .debug_frame   0x00001fc0      0x114 Obj-C32-PIC32_GP_SK_MRF24WB\WFPowerSave.o
 .debug_frame   0x000020d4       0x48 Obj-C32-PIC32_GP_SK_MRF24WB\WFScan.o
 .debug_frame   0x0000211c       0x64 Obj-C32-PIC32_GP_SK_MRF24WB\WFTxPower.o
 .debug_frame   0x00002180       0x7c Obj-C32-PIC32_GP_SK_MRF24WB\MainDemo.o
 .debug_frame   0x000021fc       0x44 Obj-C32-PIC32_GP_SK_MRF24WB\GenericTCPServer.o
 .debug_frame   0x00002240       0x44 Obj-C32-PIC32_GP_SK_MRF24WB\WF_Config.o
 .debug_frame   0x00002284       0x8c Obj-C32-PIC32_GP_SK_MRF24WB\I2C.o
 .debug_frame   0x00002310      0x1b8 Obj-C32-PIC32_GP_SK_MRF24WB\rovercode.o
 .debug_frame   0x000024c8       0x20 c:/program files/microchip/mplab c32 suite/bin/../lib/gcc/pic32mx/4.5.1/../../../../pic32mx/lib/size\libc.a(default-bootstrap-exception-handler.o)
 .debug_frame   0x000024e8       0x20 c:/program files/microchip/mplab c32 suite/bin/../lib/gcc/pic32mx/4.5.1/../../../../pic32mx/lib/size\libc.a(default-on-reset.o)
 .debug_frame   0x00002508       0x20 c:/program files/microchip/mplab c32 suite/bin/../lib/gcc/pic32mx/4.5.1/../../../../pic32mx/lib/size\libc.a(default-on-bootstrap.o)
 .debug_frame   0x00002528       0x30 c:/program files/microchip/mplab c32 suite/bin/../lib/gcc/pic32mx/4.5.1/../../../../pic32mx/lib/size\libmchp_peripheral_32MX340F256H.a(pcache.o)
 .debug_frame   0x00002558       0x20 c:/program files/microchip/mplab c32 suite/bin/../lib/gcc/pic32mx/4.5.1/../../../../pic32mx/lib/size\libmchp_peripheral_32MX340F256H.a(int_disable_interrupts_lib.o)
 .debug_frame   0x00002578       0x20 c:/program files/microchip/mplab c32 suite/bin/../lib/gcc/pic32mx/4.5.1/../../../../pic32mx/lib/size\libmchp_peripheral_32MX340F256H.a(int_restore_interrupts_lib.o)
 .debug_frame   0x00002598       0x28 c:/program files/microchip/mplab c32 suite/bin/../lib/gcc/pic32mx/4.5.1/../../../../pic32mx/lib/size\libmchp_peripheral_32MX340F256H.a(int_enable_mv_int_lib.o)
 .debug_frame   0x000025c0       0x20 c:/program files/microchip/mplab c32 suite/bin/../lib/gcc/pic32mx/4.5.1/../../../../pic32mx/lib/size\libmchp_peripheral_32MX340F256H.a(I2CEnable.o)
 .debug_frame   0x000025e0       0x20 c:/program files/microchip/mplab c32 suite/bin/../lib/gcc/pic32mx/4.5.1/../../../../pic32mx/lib/size\libmchp_peripheral_32MX340F256H.a(I2CSetFrequency.o)
 .debug_frame   0x00002600       0x20 c:/program files/microchip/mplab c32 suite/bin/../lib/gcc/pic32mx/4.5.1/../../../../pic32mx/lib/size\libmchp_peripheral_32MX340F256H.a(int_enable_interrupts_lib.o)

.debug_str      0x00000000     0x4aeb
 *(.debug_str)
 .debug_str     0x00000000      0x117 Obj-C32-PIC32_GP_SK_MRF24WB\Announce.o
 .debug_str     0x00000117       0xe2 Obj-C32-PIC32_GP_SK_MRF24WB\ARCFOUR.o
 .debug_str     0x000001f9       0xfa Obj-C32-PIC32_GP_SK_MRF24WB\ARP.o
 .debug_str     0x000002f3       0xf7 Obj-C32-PIC32_GP_SK_MRF24WB\AutoIP.o
 .debug_str     0x000003ea       0xe2 Obj-C32-PIC32_GP_SK_MRF24WB\BerkeleyAPI.o
 .debug_str     0x000004cc       0xe2 Obj-C32-PIC32_GP_SK_MRF24WB\BigInt.o
 .debug_str     0x000005ae       0xe2 Obj-C32-PIC32_GP_SK_MRF24WB\Delay.o
 .debug_str     0x00000690      0x12a Obj-C32-PIC32_GP_SK_MRF24WB\DHCP.o
 .debug_str     0x000007ba       0xe2 Obj-C32-PIC32_GP_SK_MRF24WB\DHCPs.o
 .debug_str     0x0000089c       0xec Obj-C32-PIC32_GP_SK_MRF24WB\DNS.o
 .debug_str     0x00000988       0xe2 Obj-C32-PIC32_GP_SK_MRF24WB\DNSs.o
 .debug_str     0x00000a6a       0xe2 Obj-C32-PIC32_GP_SK_MRF24WB\DynDNS.o
 .debug_str     0x00000b4c       0xe2 Obj-C32-PIC32_GP_SK_MRF24WB\ENC28J60.o
 .debug_str     0x00000c2e       0xe2 Obj-C32-PIC32_GP_SK_MRF24WB\ENCX24J600.o
 .debug_str     0x00000d10       0xe2 Obj-C32-PIC32_GP_SK_MRF24WB\FileSystem.o
 .debug_str     0x00000df2       0xe2 Obj-C32-PIC32_GP_SK_MRF24WB\FTP.o
 .debug_str     0x00000ed4       0xe2 Obj-C32-PIC32_GP_SK_MRF24WB\Hashes.o
 .debug_str     0x00000fb6       0xf5 Obj-C32-PIC32_GP_SK_MRF24WB\Helpers.o
 .debug_str     0x000010ab       0xe2 Obj-C32-PIC32_GP_SK_MRF24WB\ICMP.o
 .debug_str     0x0000118d       0xf5 Obj-C32-PIC32_GP_SK_MRF24WB\IP.o
 .debug_str     0x00001282       0xe2 Obj-C32-PIC32_GP_SK_MRF24WB\LCDBlocking.o
 .debug_str     0x00001364       0xe2 Obj-C32-PIC32_GP_SK_MRF24WB\MPFS2.o
 .debug_str     0x00001446       0xe2 Obj-C32-PIC32_GP_SK_MRF24WB\NBNS.o
 .debug_str     0x00001528       0xe2 Obj-C32-PIC32_GP_SK_MRF24WB\Reboot.o
 .debug_str     0x0000160a       0xe2 Obj-C32-PIC32_GP_SK_MRF24WB\RSA.o
 .debug_str     0x000016ec       0xe2 Obj-C32-PIC32_GP_SK_MRF24WB\SMTP.o
 .debug_str     0x000017ce       0xe2 Obj-C32-PIC32_GP_SK_MRF24WB\SNMP.o
 .debug_str     0x000018b0       0xe2 Obj-C32-PIC32_GP_SK_MRF24WB\SNMPv3.o
 .debug_str     0x00001992       0xe2 Obj-C32-PIC32_GP_SK_MRF24WB\SNMPv3USM.o
 .debug_str     0x00001a74       0xe2 Obj-C32-PIC32_GP_SK_MRF24WB\SNTP.o
 .debug_str     0x00001b56       0xe2 Obj-C32-PIC32_GP_SK_MRF24WB\SPIEEPROM.o
 .debug_str     0x00001c38       0xe2 Obj-C32-PIC32_GP_SK_MRF24WB\SPIFlash.o
 .debug_str     0x00001d1a       0xe2 Obj-C32-PIC32_GP_SK_MRF24WB\SPIRAM.o
 .debug_str     0x00001dfc       0xe2 Obj-C32-PIC32_GP_SK_MRF24WB\SSL.o
 .debug_str     0x00001ede       0xf7 Obj-C32-PIC32_GP_SK_MRF24WB\StackTsk.o
 .debug_str     0x00001fd5      0x1ad Obj-C32-PIC32_GP_SK_MRF24WB\TCP.o
 .debug_str     0x00002182       0xe2 Obj-C32-PIC32_GP_SK_MRF24WB\TFTPc.o
 .debug_str     0x00002264       0xfe Obj-C32-PIC32_GP_SK_MRF24WB\Tick.o
 .debug_str     0x00002362       0xe2 Obj-C32-PIC32_GP_SK_MRF24WB\UART.o
 .debug_str     0x00002444      0x154 Obj-C32-PIC32_GP_SK_MRF24WB\UDP.o
 .debug_str     0x00002598       0xe2 Obj-C32-PIC32_GP_SK_MRF24WB\ZeroconfHelper.o
 .debug_str     0x0000267a       0xe2 Obj-C32-PIC32_GP_SK_MRF24WB\ZeroconfLinkLocal.o
 .debug_str     0x0000275c       0xe2 Obj-C32-PIC32_GP_SK_MRF24WB\ZeroconfMulticastDNS.o
 .debug_str     0x0000283e      0x111 Obj-C32-PIC32_GP_SK_MRF24WB\WF_Eint.o
 .debug_str     0x0000294f      0x121 Obj-C32-PIC32_GP_SK_MRF24WB\WF_Spi.o
 .debug_str     0x00002a70      0x1c6 Obj-C32-PIC32_GP_SK_MRF24WB\WFConnectionAlgorithm.o
 .debug_str     0x00002c36       0xe9 Obj-C32-PIC32_GP_SK_MRF24WB\WFConnectionManager.o
 .debug_str     0x00002d1f      0x17d Obj-C32-PIC32_GP_SK_MRF24WB\WFConnectionProfile.o
 .debug_str     0x00002e9c       0xe2 Obj-C32-PIC32_GP_SK_MRF24WB\WFConsole.o
 .debug_str     0x00002f7e       0xe2 Obj-C32-PIC32_GP_SK_MRF24WB\WFConsoleIfconfig.o
 .debug_str     0x00003060       0xe2 Obj-C32-PIC32_GP_SK_MRF24WB\WFConsoleIwconfig.o
 .debug_str     0x00003142       0xe2 Obj-C32-PIC32_GP_SK_MRF24WB\WFConsoleIwpriv.o
 .debug_str     0x00003224       0xe2 Obj-C32-PIC32_GP_SK_MRF24WB\WFConsoleMsgHandler.o
 .debug_str     0x00003306       0xe2 Obj-C32-PIC32_GP_SK_MRF24WB\WFConsoleMsgs.o
 .debug_str     0x000033e8       0xe2 Obj-C32-PIC32_GP_SK_MRF24WB\WFDataTxRx.o
 .debug_str     0x000034ca      0x138 Obj-C32-PIC32_GP_SK_MRF24WB\WFDriverCom.o
 .debug_str     0x00003602      0x19b Obj-C32-PIC32_GP_SK_MRF24WB\WFDriverRaw.o
 .debug_str     0x0000379d       0xe2 Obj-C32-PIC32_GP_SK_MRF24WB\WFEasyConfig.o
 .debug_str     0x0000387f       0xed Obj-C32-PIC32_GP_SK_MRF24WB\WFEventHandler.o
 .debug_str     0x0000396c       0xec Obj-C32-PIC32_GP_SK_MRF24WB\WFInit.o
 .debug_str     0x00003a58      0x13f Obj-C32-PIC32_GP_SK_MRF24WB\WFMac.o
 .debug_str     0x00003b97      0x145 Obj-C32-PIC32_GP_SK_MRF24WB\WFMgmtMsg.o
 .debug_str     0x00003cdc      0x12b Obj-C32-PIC32_GP_SK_MRF24WB\WFParamMsg.o
 .debug_str     0x00003e07      0x101 Obj-C32-PIC32_GP_SK_MRF24WB\WFPowerSave.o
 .debug_str     0x00003f08       0xe2 Obj-C32-PIC32_GP_SK_MRF24WB\WFScan.o
 .debug_str     0x00003fea       0xea Obj-C32-PIC32_GP_SK_MRF24WB\WFTxPower.o
 .debug_str     0x000040d4       0xe2 Obj-C32-PIC32_GP_SK_MRF24WB\CustomSSLCert.o
 .debug_str     0x000041b6       0xf5 Obj-C32-PIC32_GP_SK_MRF24WB\MainDemo.o
 .debug_str     0x000042ab       0xe2 Obj-C32-PIC32_GP_SK_MRF24WB\GenericTCPClient.o
 .debug_str     0x0000438d       0xff Obj-C32-PIC32_GP_SK_MRF24WB\GenericTCPServer.o
 .debug_str     0x0000448c       0xe2 Obj-C32-PIC32_GP_SK_MRF24WB\MPFSImg2.o
 .debug_str     0x0000456e       0xe2 Obj-C32-PIC32_GP_SK_MRF24WB\WF_Config.o
 .debug_str     0x00004650      0x120 Obj-C32-PIC32_GP_SK_MRF24WB\I2C.o
 .debug_str     0x00004770      0x37b Obj-C32-PIC32_GP_SK_MRF24WB\rovercode.o
 .debug_str     0x00004aeb        0x0 c:/program files/microchip/mplab c32 suite/bin/../lib/gcc/pic32mx/4.5.1/size\libgcc.a(_udivdi3.o)
 .debug_str     0x00004aeb        0x0 c:/program files/microchip/mplab c32 suite/bin/../lib/gcc/pic32mx/4.5.1/../../../../pic32mx/lib/size\libc.a(default-bootstrap-exception-handler.o)
 .debug_str     0x00004aeb        0x0 c:/program files/microchip/mplab c32 suite/bin/../lib/gcc/pic32mx/4.5.1/../../../../pic32mx/lib/size\libc.a(default-on-reset.o)
 .debug_str     0x00004aeb        0x0 c:/program files/microchip/mplab c32 suite/bin/../lib/gcc/pic32mx/4.5.1/../../../../pic32mx/lib/size\libc.a(default-on-bootstrap.o)
 .debug_str     0x00004aeb        0x0 c:/program files/microchip/mplab c32 suite/bin/../lib/gcc/pic32mx/4.5.1/../../../../pic32mx/lib/size\libmchp_peripheral_32MX340F256H.a(pcache.o)
 .debug_str     0x00004aeb        0x0 c:/program files/microchip/mplab c32 suite/bin/../lib/gcc/pic32mx/4.5.1/../../../../pic32mx/lib/size\libmchp_peripheral_32MX340F256H.a(int_disable_interrupts_lib.o)
 .debug_str     0x00004aeb        0x0 c:/program files/microchip/mplab c32 suite/bin/../lib/gcc/pic32mx/4.5.1/../../../../pic32mx/lib/size\libmchp_peripheral_32MX340F256H.a(int_restore_interrupts_lib.o)
 .debug_str     0x00004aeb        0x0 c:/program files/microchip/mplab c32 suite/bin/../lib/gcc/pic32mx/4.5.1/../../../../pic32mx/lib/size\libmchp_peripheral_32MX340F256H.a(int_enable_mv_int_lib.o)
 .debug_str     0x00004aeb        0x0 c:/program files/microchip/mplab c32 suite/bin/../lib/gcc/pic32mx/4.5.1/../../../../pic32mx/lib/size\libmchp_peripheral_32MX340F256H.a(I2CEnable.o)
 .debug_str     0x00004aeb        0x0 c:/program files/microchip/mplab c32 suite/bin/../lib/gcc/pic32mx/4.5.1/../../../../pic32mx/lib/size\libmchp_peripheral_32MX340F256H.a(I2CSetFrequency.o)
 .debug_str     0x00004aeb        0x0 c:/program files/microchip/mplab c32 suite/bin/../lib/gcc/pic32mx/4.5.1/../../../../pic32mx/lib/size\libmchp_peripheral_32MX340F256H.a(int_enable_interrupts_lib.o)
 .debug_str     0x00004aeb        0x0 c:/program files/microchip/mplab c32 suite/bin/../lib/gcc/pic32mx/4.5.1/../../../../pic32mx/lib/size\libmchp_peripheral_32MX340F256H.a(I2CPrivate.o)

.debug_loc      0x00000000      0xa47
 *(.debug_loc)
 .debug_loc     0x00000000      0xa47 c:/program files/microchip/mplab c32 suite/bin/../lib/gcc/pic32mx/4.5.1/size\libgcc.a(_udivdi3.o)

.debug_macinfo
 *(.debug_macinfo)

.debug_weaknames
 *(.debug_weaknames)

.debug_funcnames
 *(.debug_funcnames)

.debug_typenames
 *(.debug_typenames)

.debug_varnames
 *(.debug_varnames)

.debug_pubtypes
                0x00000000     0x4741
 *(.debug_pubtypes)
 .debug_pubtypes
                0x00000000      0x16d Obj-C32-PIC32_GP_SK_MRF24WB\Announce.o
 .debug_pubtypes
                0x0000016d       0xbd Obj-C32-PIC32_GP_SK_MRF24WB\ARCFOUR.o
 .debug_pubtypes
                0x0000022a      0x140 Obj-C32-PIC32_GP_SK_MRF24WB\ARP.o
 .debug_pubtypes
                0x0000036a      0x170 Obj-C32-PIC32_GP_SK_MRF24WB\AutoIP.o
 .debug_pubtypes
                0x000004da       0xbd Obj-C32-PIC32_GP_SK_MRF24WB\BerkeleyAPI.o
 .debug_pubtypes
                0x00000597       0xbd Obj-C32-PIC32_GP_SK_MRF24WB\BigInt.o
 .debug_pubtypes
                0x00000654       0xd0 Obj-C32-PIC32_GP_SK_MRF24WB\Delay.o
 .debug_pubtypes
                0x00000724      0x19a Obj-C32-PIC32_GP_SK_MRF24WB\DHCP.o
 .debug_pubtypes
                0x000008be       0xbd Obj-C32-PIC32_GP_SK_MRF24WB\DHCPs.o
 .debug_pubtypes
                0x0000097b      0x16f Obj-C32-PIC32_GP_SK_MRF24WB\DNS.o
 .debug_pubtypes
                0x00000aea       0xbd Obj-C32-PIC32_GP_SK_MRF24WB\DNSs.o
 .debug_pubtypes
                0x00000ba7       0xbd Obj-C32-PIC32_GP_SK_MRF24WB\DynDNS.o
 .debug_pubtypes
                0x00000c64       0xbd Obj-C32-PIC32_GP_SK_MRF24WB\ENC28J60.o
 .debug_pubtypes
                0x00000d21       0xbd Obj-C32-PIC32_GP_SK_MRF24WB\ENCX24J600.o
 .debug_pubtypes
                0x00000dde       0xbd Obj-C32-PIC32_GP_SK_MRF24WB\FileSystem.o
 .debug_pubtypes
                0x00000e9b       0xbd Obj-C32-PIC32_GP_SK_MRF24WB\FTP.o
 .debug_pubtypes
                0x00000f58       0xbd Obj-C32-PIC32_GP_SK_MRF24WB\Hashes.o
 .debug_pubtypes
                0x00001015      0x123 Obj-C32-PIC32_GP_SK_MRF24WB\Helpers.o
 .debug_pubtypes
                0x00001138      0x10f Obj-C32-PIC32_GP_SK_MRF24WB\ICMP.o
 .debug_pubtypes
                0x00001247      0x14e Obj-C32-PIC32_GP_SK_MRF24WB\IP.o
 .debug_pubtypes
                0x00001395       0xbd Obj-C32-PIC32_GP_SK_MRF24WB\LCDBlocking.o
 .debug_pubtypes
                0x00001452       0xbd Obj-C32-PIC32_GP_SK_MRF24WB\MPFS2.o
 .debug_pubtypes
                0x0000150f       0xbd Obj-C32-PIC32_GP_SK_MRF24WB\NBNS.o
 .debug_pubtypes
                0x000015cc       0xbd Obj-C32-PIC32_GP_SK_MRF24WB\Reboot.o
 .debug_pubtypes
                0x00001689       0xbd Obj-C32-PIC32_GP_SK_MRF24WB\RSA.o
 .debug_pubtypes
                0x00001746       0xbd Obj-C32-PIC32_GP_SK_MRF24WB\SMTP.o
 .debug_pubtypes
                0x00001803       0xbd Obj-C32-PIC32_GP_SK_MRF24WB\SNMP.o
 .debug_pubtypes
                0x000018c0       0xbd Obj-C32-PIC32_GP_SK_MRF24WB\SNMPv3.o
 .debug_pubtypes
                0x0000197d       0xbd Obj-C32-PIC32_GP_SK_MRF24WB\SNMPv3USM.o
 .debug_pubtypes
                0x00001a3a      0x114 Obj-C32-PIC32_GP_SK_MRF24WB\SNTP.o
 .debug_pubtypes
                0x00001b4e       0xbd Obj-C32-PIC32_GP_SK_MRF24WB\SPIEEPROM.o
 .debug_pubtypes
                0x00001c0b       0xbd Obj-C32-PIC32_GP_SK_MRF24WB\SPIFlash.o
 .debug_pubtypes
                0x00001cc8       0xbd Obj-C32-PIC32_GP_SK_MRF24WB\SPIRAM.o
 .debug_pubtypes
                0x00001d85       0xbd Obj-C32-PIC32_GP_SK_MRF24WB\SSL.o
 .debug_pubtypes
                0x00001e42      0x13e Obj-C32-PIC32_GP_SK_MRF24WB\StackTsk.o
 .debug_pubtypes
                0x00001f80      0x1e6 Obj-C32-PIC32_GP_SK_MRF24WB\TCP.o
 .debug_pubtypes
                0x00002166       0xbd Obj-C32-PIC32_GP_SK_MRF24WB\TFTPc.o
 .debug_pubtypes
                0x00002223      0x10d Obj-C32-PIC32_GP_SK_MRF24WB\Tick.o
 .debug_pubtypes
                0x00002330       0xbd Obj-C32-PIC32_GP_SK_MRF24WB\UART.o
 .debug_pubtypes
                0x000023ed      0x1ad Obj-C32-PIC32_GP_SK_MRF24WB\UDP.o
 .debug_pubtypes
                0x0000259a       0xbd Obj-C32-PIC32_GP_SK_MRF24WB\ZeroconfHelper.o
 .debug_pubtypes
                0x00002657       0xbd Obj-C32-PIC32_GP_SK_MRF24WB\ZeroconfLinkLocal.o
 .debug_pubtypes
                0x00002714       0xbd Obj-C32-PIC32_GP_SK_MRF24WB\ZeroconfMulticastDNS.o
 .debug_pubtypes
                0x000027d1      0x127 Obj-C32-PIC32_GP_SK_MRF24WB\WF_Eint.o
 .debug_pubtypes
                0x000028f8      0x11e Obj-C32-PIC32_GP_SK_MRF24WB\WF_Spi.o
 .debug_pubtypes